2026-05-30 22:34:40,744 - twister - INFO - Using Ninja..
2026-05-30 22:34:40,861 - twister - INFO - Zephyr version: v4.4.0-rc1-48-g3628e917594e
2026-05-30 22:34:40,863 - twister - DEBUG - Running cmake script /home/rodrigo/zephyrproject/zephyr/cmake/verify-toolchain.cmake
2026-05-30 22:34:40,864 - twister - DEBUG - Calling cmake: /usr/bin/cmake -DFORMAT=json -P /home/rodrigo/zephyrproject/zephyr/cmake/verify-toolchain.cmake
2026-05-30 22:34:41,387 - twister - DEBUG - Finished running /home/rodrigo/zephyrproject/zephyr/cmake/verify-toolchain.cmake
2026-05-30 22:34:41,387 - twister - INFO - Using 'zephyr/gnu' toolchain variant.
2026-05-30 22:34:42,741 - twister - DEBUG - Reading testsuite configuration files under /home/rodrigo/zephyr-course_ram/tests/ring_buf...
2026-05-30 22:34:42,741 - twister - DEBUG - Found possible testsuite in /home/rodrigo/zephyr-course_ram/tests/ring_buf
2026-05-30 22:34:42,744 - twister - DEBUG - No duplicates found.
2026-05-30 22:34:42,744 - twister - DEBUG -  platform filter: ['native_sim']
2026-05-30 22:34:42,744 - twister - DEBUG - platform_pattern: []
2026-05-30 22:34:42,744 - twister - DEBUG -    vendor filter: []
2026-05-30 22:34:42,744 - twister - DEBUG -      arch_filter: None
2026-05-30 22:34:42,744 - twister - DEBUG -       tag_filter: None
2026-05-30 22:34:42,744 - twister - DEBUG -      exclude_tag: None
2026-05-30 22:34:42,744 - twister - DEBUG - Checking platform filter: ['native_sim']
2026-05-30 22:34:42,744 - twister - INFO - Building initial testsuite list...
2026-05-30 22:34:42,745 - twister - INFO - Built testsuite list in 0.00 seconds
2026-05-30 22:34:42,745 - twister - INFO - Writing JSON report /home/rodrigo/zephyr-course_ram/twister-out/testplan.json
2026-05-30 22:34:42,761 - twister - INFO - JOBS: 8
2026-05-30 22:34:42,762 - twister - INFO - Adding tasks to the queue...
2026-05-30 22:34:42,762 - twister - DEBUG - adding native_sim/native/host/gnu/homework.unit.ring_buf
2026-05-30 22:34:42,763 - twister - INFO - Added initial list of jobs to queue
2026-05-30 22:34:42,770 - twister - DEBUG - Running cmake on /home/rodrigo/zephyr-course_ram/tests/ring_buf for native_sim/native
2026-05-30 22:34:42,771 - twister - DEBUG - Calling cmake: /usr/bin/cmake -B/home/rodrigo/zephyr-course_ram/twister-out/native_sim_native/host_gnu/zephyr-course_ram/tests/ring_buf/homework.unit.ring_buf -DTC_RUNID=fa47a899c69c543cd45dc39ad6223886 -DTC_NAME=homework.unit.ring_buf -DCONFIG_COMPILER_WARNINGS_AS_ERRORS=y -DEXTRA_GEN_EDT_ARGS=--edtlib-Werror -GNinja -DPython3_EXECUTABLE=/home/rodrigo/zephyrproject/.venv/bin/python3.12 -DZEPHYR_TOOLCHAIN_VARIANT=host/gnu -S/home/rodrigo/zephyr-course_ram/tests/ring_buf -DOVERLAY_CONFIG=/home/rodrigo/zephyr-course_ram/twister-out/native_sim_native/host_gnu/zephyr-course_ram/tests/ring_buf/homework.unit.ring_buf/twister/testsuite_extra.conf -DBOARD=native_sim/native
2026-05-30 22:34:42,782 - twister - DEBUG - Launched 8 jobs
2026-05-30 22:34:50,514 - twister - DEBUG - Finished running cmake /home/rodrigo/zephyr-course_ram/tests/ring_buf for native_sim/native in 7.74 seconds
2026-05-30 22:34:50,517 - twister - DEBUG - build test: native_sim/native/host/gnu/homework.unit.ring_buf
2026-05-30 22:34:50,517 - twister - DEBUG - Building /home/rodrigo/zephyr-course_ram/tests/ring_buf for native_sim/native
2026-05-30 22:34:50,518 - twister - DEBUG - Running /usr/bin/cmake --build /home/rodrigo/zephyr-course_ram/twister-out/native_sim_native/host_gnu/zephyr-course_ram/tests/ring_buf/homework.unit.ring_buf
2026-05-30 22:34:53,781 - twister - DEBUG - Finished building /home/rodrigo/zephyr-course_ram/tests/ring_buf for native_sim/native in 3.26 seconds
2026-05-30 22:34:53,781 - twister - DEBUG - Determine test cases for test instance: native_sim/native/host/gnu/homework.unit.ring_buf
2026-05-30 22:34:53,781 - twister - DEBUG - Determine test cases for test suite: homework.unit.ring_buf
2026-05-30 22:34:54,009 - twister - DEBUG - Test instance native_sim/native/host/gnu/homework.unit.ring_buf already has 8 testcase(s) known: [<TestCase homework.unit.ring_buf.ring_buf_boundaries.peek_does_not_consume with None>, <TestCase homework.unit.ring_buf.ring_buf_init.reinit_clears_state with None>, <TestCase homework.unit.ring_buf.ring_buf_push_pop.push_full_returns_enospc with None>, <TestCase homework.unit.ring_buf.ring_buf_push_pop.fifo_order with None>, <TestCase homework.unit.ring_buf.ring_buf_boundaries.is_full_after_fill with None>, <TestCase homework.unit.ring_buf.ring_buf_boundaries.pop_null_returns_einval with None>, <TestCase homework.unit.ring_buf.ring_buf_init.fresh_state with None>, <TestCase homework.unit.ring_buf.ring_buf_push_pop.single_push_pop with None>]
2026-05-30 22:34:54,010 - twister - DEBUG - Detected 8 Ztest case(s): [homework.unit.ring_buf.ring_buf_init.fresh_state, homework.unit.ring_buf.ring_buf_init.reinit_clears_state, homework.unit.ring_buf.ring_buf_push_pop.single_push_pop, homework.unit.ring_buf.ring_buf_push_pop.fifo_order, homework.unit.ring_buf.ring_buf_push_pop.push_full_returns_enospc, homework.unit.ring_buf.ring_buf_boundaries.peek_does_not_consume, homework.unit.ring_buf.ring_buf_boundaries.pop_null_returns_einval, homework.unit.ring_buf.ring_buf_boundaries.is_full_after_fill] in /home/rodrigo/zephyr-course_ram/twister-out/native_sim_native/host_gnu/zephyr-course_ram/tests/ring_buf/homework.unit.ring_buf/zephyr/zephyr.elf
2026-05-30 22:34:54,014 - twister - DEBUG - run test: native_sim/native/host/gnu/homework.unit.ring_buf
2026-05-30 22:34:54,014 - twister - DEBUG - Reset instance status from 'passed' to None before run.
2026-05-30 22:34:54,014 - twister - DEBUG - Spawning process: /home/rodrigo/zephyr-course_ram/twister-out/native_sim_native/host_gnu/zephyr-course_ram/tests/ring_buf/homework.unit.ring_buf/zephyr/zephyr.exe
in directory: /home/rodrigo/zephyr-course_ram/twister-out/native_sim_native/host_gnu/zephyr-course_ram/tests/ring_buf/homework.unit.ring_buf
2026-05-30 22:34:54,015 - twister - DEBUG - Spawning BinaryHandler Thread for native_sim/native/host/gnu/homework.unit.ring_buf
2026-05-30 22:34:54,016 - twister - DEBUG - OUTPUT: *** Booting Zephyr OS build v4.4.0-rc1-48-g3628e917594e ***
2026-05-30 22:34:54,016 - twister - DEBUG - OUTPUT: Running TESTSUITE ring_buf_boundaries
2026-05-30 22:34:54,016 - twister - DEBUG - OUTPUT: ===================================================================
2026-05-30 22:34:54,017 - twister - DEBUG - OUTPUT: START - test_pop_null_returns_einval
2026-05-30 22:34:54,017 - twister - DEBUG - OUTPUT: [00:00:00.000,000] [1;31m<err> ring_buf: value pointer is NULL[0m
2026-05-30 22:34:54,017 - twister - DEBUG - OUTPUT:  PASS - test_pop_null_returns_einval in 0.000 seconds
2026-05-30 22:34:54,017 - twister - DEBUG - OUTPUT: ===================================================================
2026-05-30 22:34:54,017 - twister - DEBUG - OUTPUT: START - test_is_full_after_fill
2026-05-30 22:34:54,018 - twister - DEBUG - OUTPUT:  PASS - test_is_full_after_fill in 0.000 seconds
2026-05-30 22:34:54,018 - twister - DEBUG - OUTPUT: ===================================================================
2026-05-30 22:34:54,018 - twister - DEBUG - OUTPUT: START - test_peek_does_not_consume
2026-05-30 22:34:54,018 - twister - DEBUG - OUTPUT:  PASS - test_peek_does_not_consume in 0.000 seconds
2026-05-30 22:34:54,018 - twister - DEBUG - OUTPUT: ===================================================================
2026-05-30 22:34:54,018 - twister - DEBUG - OUTPUT: START - test_peek_does_not_consume
2026-05-30 22:34:54,019 - twister - DEBUG - OUTPUT:  PASS - test_peek_does_not_consume in 0.000 seconds
2026-05-30 22:34:54,019 - twister - DEBUG - OUTPUT: ===================================================================
2026-05-30 22:34:54,019 - twister - DEBUG - OUTPUT: START - test_is_full_after_fill
2026-05-30 22:34:54,019 - twister - DEBUG - OUTPUT:  PASS - test_is_full_after_fill in 0.000 seconds
2026-05-30 22:34:54,020 - twister - DEBUG - OUTPUT: ===================================================================
2026-05-30 22:34:54,020 - twister - DEBUG - OUTPUT: START - test_pop_null_returns_einval
2026-05-30 22:34:54,020 - twister - DEBUG - OUTPUT: [00:00:00.000,000] [1;31m<err> ring_buf: value pointer is NULL[0m
2026-05-30 22:34:54,020 - twister - DEBUG - OUTPUT:  PASS - test_pop_null_returns_einval in 0.000 seconds
2026-05-30 22:34:54,020 - twister - DEBUG - OUTPUT: ===================================================================
2026-05-30 22:34:54,021 - twister - DEBUG - OUTPUT: START - test_peek_does_not_consume
2026-05-30 22:34:54,021 - twister - DEBUG - OUTPUT:  PASS - test_peek_does_not_consume in 0.000 seconds
2026-05-30 22:34:54,021 - twister - DEBUG - OUTPUT: ===================================================================
2026-05-30 22:34:54,021 - twister - DEBUG - OUTPUT: START - test_pop_null_returns_einval
2026-05-30 22:34:54,021 - twister - DEBUG - OUTPUT: [00:00:00.000,000] [1;31m<err> ring_buf: value pointer is NULL[0m
2026-05-30 22:34:54,021 - twister - DEBUG - OUTPUT:  PASS - test_pop_null_returns_einval in 0.000 seconds
2026-05-30 22:34:54,022 - twister - DEBUG - OUTPUT: ===================================================================
2026-05-30 22:34:54,022 - twister - DEBUG - OUTPUT: START - test_is_full_after_fill
2026-05-30 22:34:54,022 - twister - DEBUG - OUTPUT:  PASS - test_is_full_after_fill in 0.000 seconds
2026-05-30 22:34:54,022 - twister - DEBUG - OUTPUT: ===================================================================
2026-05-30 22:34:54,022 - twister - DEBUG - OUTPUT: TESTSUITE ring_buf_boundaries succeeded
2026-05-30 22:34:54,022 - twister - DEBUG - OUTPUT: Running TESTSUITE ring_buf_boundaries
2026-05-30 22:34:54,022 - twister - DEBUG - OUTPUT: ===================================================================
2026-05-30 22:34:54,023 - twister - DEBUG - OUTPUT: START - test_peek_does_not_consume
2026-05-30 22:34:54,023 - twister - DEBUG - OUTPUT:  PASS - test_peek_does_not_consume in 0.000 seconds
2026-05-30 22:34:54,023 - twister - DEBUG - OUTPUT: ===================================================================
2026-05-30 22:34:54,023 - twister - DEBUG - OUTPUT: START - test_is_full_after_fill
2026-05-30 22:34:54,023 - twister - DEBUG - OUTPUT:  PASS - test_is_full_after_fill in 0.000 seconds
2026-05-30 22:34:54,023 - twister - DEBUG - OUTPUT: ===================================================================
2026-05-30 22:34:54,023 - twister - DEBUG - OUTPUT: START - test_pop_null_returns_einval
2026-05-30 22:34:54,024 - twister - DEBUG - OUTPUT: [00:00:00.000,000] [1;31m<err> ring_buf: value pointer is NULL[0m
2026-05-30 22:34:54,024 - twister - DEBUG - OUTPUT:  PASS - test_pop_null_returns_einval in 0.000 seconds
2026-05-30 22:34:54,024 - twister - DEBUG - OUTPUT: ===================================================================
2026-05-30 22:34:54,024 - twister - DEBUG - OUTPUT: START - test_peek_does_not_consume
2026-05-30 22:34:54,024 - twister - DEBUG - OUTPUT:  PASS - test_peek_does_not_consume in 0.000 seconds
2026-05-30 22:34:54,024 - twister - DEBUG - OUTPUT: ===================================================================
2026-05-30 22:34:54,024 - twister - DEBUG - OUTPUT: START - test_is_full_after_fill
2026-05-30 22:34:54,024 - twister - DEBUG - OUTPUT:  PASS - test_is_full_after_fill in 0.000 seconds
2026-05-30 22:34:54,025 - twister - DEBUG - OUTPUT: ===================================================================
2026-05-30 22:34:54,025 - twister - DEBUG - OUTPUT: START - test_pop_null_returns_einval
2026-05-30 22:34:54,025 - twister - DEBUG - OUTPUT: [00:00:00.000,000] [1;31m<err> ring_buf: value pointer is NULL[0m
2026-05-30 22:34:54,025 - twister - DEBUG - OUTPUT:  PASS - test_pop_null_returns_einval in 0.000 seconds
2026-05-30 22:34:54,025 - twister - DEBUG - OUTPUT: ===================================================================
2026-05-30 22:34:54,025 - twister - DEBUG - OUTPUT: START - test_is_full_after_fill
2026-05-30 22:34:54,025 - twister - DEBUG - OUTPUT:  PASS - test_is_full_after_fill in 0.000 seconds
2026-05-30 22:34:54,026 - twister - DEBUG - OUTPUT: ===================================================================
2026-05-30 22:34:54,026 - twister - DEBUG - OUTPUT: START - test_peek_does_not_consume
2026-05-30 22:34:54,026 - twister - DEBUG - OUTPUT:  PASS - test_peek_does_not_consume in 0.000 seconds
2026-05-30 22:34:54,026 - twister - DEBUG - OUTPUT: ===================================================================
2026-05-30 22:34:54,026 - twister - DEBUG - OUTPUT: START - test_pop_null_returns_einval
2026-05-30 22:34:54,026 - twister - DEBUG - OUTPUT: [00:00:00.000,000] [1;31m<err> ring_buf: value pointer is NULL[0m
2026-05-30 22:34:54,026 - twister - DEBUG - OUTPUT:  PASS - test_pop_null_returns_einval in 0.000 seconds
2026-05-30 22:34:54,026 - twister - DEBUG - OUTPUT: ===================================================================
2026-05-30 22:34:54,026 - twister - DEBUG - OUTPUT: TESTSUITE ring_buf_boundaries succeeded
2026-05-30 22:34:54,027 - twister - DEBUG - OUTPUT: Running TESTSUITE ring_buf_boundaries
2026-05-30 22:34:54,027 - twister - DEBUG - OUTPUT: ===================================================================
2026-05-30 22:34:54,027 - twister - DEBUG - OUTPUT: START - test_is_full_after_fill
2026-05-30 22:34:54,027 - twister - DEBUG - OUTPUT:  PASS - test_is_full_after_fill in 0.000 seconds
2026-05-30 22:34:54,027 - twister - DEBUG - OUTPUT: ===================================================================
2026-05-30 22:34:54,027 - twister - DEBUG - OUTPUT: START - test_peek_does_not_consume
2026-05-30 22:34:54,027 - twister - DEBUG - OUTPUT:  PASS - test_peek_does_not_consume in 0.000 seconds
2026-05-30 22:34:54,027 - twister - DEBUG - OUTPUT: ===================================================================
2026-05-30 22:34:54,028 - twister - DEBUG - OUTPUT: START - test_pop_null_returns_einval
2026-05-30 22:34:54,028 - twister - DEBUG - OUTPUT: [00:00:00.000,000] [1;31m<err> ring_buf: value pointer is NULL[0m
2026-05-30 22:34:54,028 - twister - DEBUG - OUTPUT:  PASS - test_pop_null_returns_einval in 0.000 seconds
2026-05-30 22:34:54,028 - twister - DEBUG - OUTPUT: ===================================================================
2026-05-30 22:34:54,028 - twister - DEBUG - OUTPUT: START - test_peek_does_not_consume
2026-05-30 22:34:54,028 - twister - DEBUG - OUTPUT:  PASS - test_peek_does_not_consume in 0.000 seconds
2026-05-30 22:34:54,028 - twister - DEBUG - OUTPUT: ===================================================================
2026-05-30 22:34:54,028 - twister - DEBUG - OUTPUT: START - test_pop_null_returns_einval
2026-05-30 22:34:54,029 - twister - DEBUG - OUTPUT: [00:00:00.000,000] [1;31m<err> ring_buf: value pointer is NULL[0m
2026-05-30 22:34:54,029 - twister - DEBUG - OUTPUT:  PASS - test_pop_null_returns_einval in 0.000 seconds
2026-05-30 22:34:54,029 - twister - DEBUG - OUTPUT: ===================================================================
2026-05-30 22:34:54,029 - twister - DEBUG - OUTPUT: START - test_is_full_after_fill
2026-05-30 22:34:54,029 - twister - DEBUG - OUTPUT:  PASS - test_is_full_after_fill in 0.000 seconds
2026-05-30 22:34:54,029 - twister - DEBUG - OUTPUT: ===================================================================
2026-05-30 22:34:54,029 - twister - DEBUG - OUTPUT: START - test_peek_does_not_consume
2026-05-30 22:34:54,029 - twister - DEBUG - OUTPUT:  PASS - test_peek_does_not_consume in 0.000 seconds
2026-05-30 22:34:54,030 - twister - DEBUG - OUTPUT: ===================================================================
2026-05-30 22:34:54,030 - twister - DEBUG - OUTPUT: START - test_pop_null_returns_einval
2026-05-30 22:34:54,030 - twister - DEBUG - OUTPUT: [00:00:00.000,000] [1;31m<err> ring_buf: value pointer is NULL[0m
2026-05-30 22:34:54,030 - twister - DEBUG - OUTPUT:  PASS - test_pop_null_returns_einval in 0.000 seconds
2026-05-30 22:34:54,030 - twister - DEBUG - OUTPUT: ===================================================================
2026-05-30 22:34:54,030 - twister - DEBUG - OUTPUT: START - test_is_full_after_fill
2026-05-30 22:34:54,030 - twister - DEBUG - OUTPUT:  PASS - test_is_full_after_fill in 0.000 seconds
2026-05-30 22:34:54,030 - twister - DEBUG - OUTPUT: ===================================================================
2026-05-30 22:34:54,031 - twister - DEBUG - OUTPUT: TESTSUITE ring_buf_boundaries succeeded
2026-05-30 22:34:54,031 - twister - DEBUG - OUTPUT: Running TESTSUITE ring_buf_init
2026-05-30 22:34:54,031 - twister - DEBUG - OUTPUT: ===================================================================
2026-05-30 22:34:54,031 - twister - DEBUG - OUTPUT: START - test_reinit_clears_state
2026-05-30 22:34:54,031 - twister - DEBUG - OUTPUT:  PASS - test_reinit_clears_state in 0.000 seconds
2026-05-30 22:34:54,031 - twister - DEBUG - OUTPUT: ===================================================================
2026-05-30 22:34:54,031 - twister - DEBUG - OUTPUT: START - test_fresh_state
2026-05-30 22:34:54,031 - twister - DEBUG - OUTPUT:  PASS - test_fresh_state in 0.000 seconds
2026-05-30 22:34:54,031 - twister - DEBUG - OUTPUT: ===================================================================
2026-05-30 22:34:54,032 - twister - DEBUG - OUTPUT: START - test_reinit_clears_state
2026-05-30 22:34:54,032 - twister - DEBUG - OUTPUT:  PASS - test_reinit_clears_state in 0.000 seconds
2026-05-30 22:34:54,032 - twister - DEBUG - OUTPUT: ===================================================================
2026-05-30 22:34:54,032 - twister - DEBUG - OUTPUT: START - test_fresh_state
2026-05-30 22:34:54,032 - twister - DEBUG - OUTPUT:  PASS - test_fresh_state in 0.000 seconds
2026-05-30 22:34:54,032 - twister - DEBUG - OUTPUT: ===================================================================
2026-05-30 22:34:54,032 - twister - DEBUG - OUTPUT: START - test_reinit_clears_state
2026-05-30 22:34:54,033 - twister - DEBUG - OUTPUT:  PASS - test_reinit_clears_state in 0.000 seconds
2026-05-30 22:34:54,033 - twister - DEBUG - OUTPUT: ===================================================================
2026-05-30 22:34:54,033 - twister - DEBUG - OUTPUT: START - test_fresh_state
2026-05-30 22:34:54,033 - twister - DEBUG - OUTPUT:  PASS - test_fresh_state in 0.000 seconds
2026-05-30 22:34:54,033 - twister - DEBUG - OUTPUT: ===================================================================
2026-05-30 22:34:54,033 - twister - DEBUG - OUTPUT: TESTSUITE ring_buf_init succeeded
2026-05-30 22:34:54,033 - twister - DEBUG - OUTPUT: Running TESTSUITE ring_buf_init
2026-05-30 22:34:54,033 - twister - DEBUG - OUTPUT: ===================================================================
2026-05-30 22:34:54,034 - twister - DEBUG - OUTPUT: START - test_fresh_state
2026-05-30 22:34:54,034 - twister - DEBUG - OUTPUT:  PASS - test_fresh_state in 0.000 seconds
2026-05-30 22:34:54,034 - twister - DEBUG - OUTPUT: ===================================================================
2026-05-30 22:34:54,034 - twister - DEBUG - OUTPUT: START - test_reinit_clears_state
2026-05-30 22:34:54,034 - twister - DEBUG - OUTPUT:  PASS - test_reinit_clears_state in 0.000 seconds
2026-05-30 22:34:54,034 - twister - DEBUG - OUTPUT: ===================================================================
2026-05-30 22:34:54,034 - twister - DEBUG - OUTPUT: START - test_fresh_state
2026-05-30 22:34:54,034 - twister - DEBUG - OUTPUT:  PASS - test_fresh_state in 0.000 seconds
2026-05-30 22:34:54,035 - twister - DEBUG - OUTPUT: ===================================================================
2026-05-30 22:34:54,035 - twister - DEBUG - OUTPUT: START - test_reinit_clears_state
2026-05-30 22:34:54,035 - twister - DEBUG - OUTPUT:  PASS - test_reinit_clears_state in 0.000 seconds
2026-05-30 22:34:54,035 - twister - DEBUG - OUTPUT: ===================================================================
2026-05-30 22:34:54,035 - twister - DEBUG - OUTPUT: START - test_reinit_clears_state
2026-05-30 22:34:54,035 - twister - DEBUG - OUTPUT:  PASS - test_reinit_clears_state in 0.000 seconds
2026-05-30 22:34:54,035 - twister - DEBUG - OUTPUT: ===================================================================
2026-05-30 22:34:54,036 - twister - DEBUG - OUTPUT: START - test_fresh_state
2026-05-30 22:34:54,036 - twister - DEBUG - OUTPUT:  PASS - test_fresh_state in 0.000 seconds
2026-05-30 22:34:54,036 - twister - DEBUG - OUTPUT: ===================================================================
2026-05-30 22:34:54,036 - twister - DEBUG - OUTPUT: TESTSUITE ring_buf_init succeeded
2026-05-30 22:34:54,036 - twister - DEBUG - OUTPUT: Running TESTSUITE ring_buf_init
2026-05-30 22:34:54,036 - twister - DEBUG - OUTPUT: ===================================================================
2026-05-30 22:34:54,036 - twister - DEBUG - OUTPUT: START - test_fresh_state
2026-05-30 22:34:54,036 - twister - DEBUG - OUTPUT:  PASS - test_fresh_state in 0.000 seconds
2026-05-30 22:34:54,037 - twister - DEBUG - OUTPUT: ===================================================================
2026-05-30 22:34:54,037 - twister - DEBUG - OUTPUT: START - test_reinit_clears_state
2026-05-30 22:34:54,037 - twister - DEBUG - OUTPUT:  PASS - test_reinit_clears_state in 0.000 seconds
2026-05-30 22:34:54,037 - twister - DEBUG - OUTPUT: ===================================================================
2026-05-30 22:34:54,037 - twister - DEBUG - OUTPUT: START - test_fresh_state
2026-05-30 22:34:54,037 - twister - DEBUG - OUTPUT:  PASS - test_fresh_state in 0.000 seconds
2026-05-30 22:34:54,037 - twister - DEBUG - OUTPUT: ===================================================================
2026-05-30 22:34:54,037 - twister - DEBUG - OUTPUT: START - test_reinit_clears_state
2026-05-30 22:34:54,038 - twister - DEBUG - OUTPUT:  PASS - test_reinit_clears_state in 0.000 seconds
2026-05-30 22:34:54,038 - twister - DEBUG - OUTPUT: ===================================================================
2026-05-30 22:34:54,038 - twister - DEBUG - OUTPUT: START - test_reinit_clears_state
2026-05-30 22:34:54,038 - twister - DEBUG - OUTPUT:  PASS - test_reinit_clears_state in 0.000 seconds
2026-05-30 22:34:54,038 - twister - DEBUG - OUTPUT: ===================================================================
2026-05-30 22:34:54,038 - twister - DEBUG - OUTPUT: START - test_fresh_state
2026-05-30 22:34:54,038 - twister - DEBUG - OUTPUT:  PASS - test_fresh_state in 0.000 seconds
2026-05-30 22:34:54,038 - twister - DEBUG - OUTPUT: ===================================================================
2026-05-30 22:34:54,039 - twister - DEBUG - OUTPUT: TESTSUITE ring_buf_init succeeded
2026-05-30 22:34:54,039 - twister - DEBUG - OUTPUT: Running TESTSUITE ring_buf_push_pop
2026-05-30 22:34:54,039 - twister - DEBUG - OUTPUT: ===================================================================
2026-05-30 22:34:54,039 - twister - DEBUG - OUTPUT: START - test_push_full_returns_enospc
2026-05-30 22:34:54,039 - twister - DEBUG - OUTPUT: [00:00:00.000,000] [1;33m<wrn> ring_buf: buffer full (capacity=4)[0m
2026-05-30 22:34:54,039 - twister - DEBUG - OUTPUT:  PASS - test_push_full_returns_enospc in 0.000 seconds
2026-05-30 22:34:54,039 - twister - DEBUG - OUTPUT: ===================================================================
2026-05-30 22:34:54,040 - twister - DEBUG - OUTPUT: START - test_single_push_pop
2026-05-30 22:34:54,040 - twister - DEBUG - OUTPUT:  PASS - test_single_push_pop in 0.000 seconds
2026-05-30 22:34:54,040 - twister - DEBUG - OUTPUT: ===================================================================
2026-05-30 22:34:54,040 - twister - DEBUG - OUTPUT: START - test_fifo_order
2026-05-30 22:34:54,040 - twister - DEBUG - OUTPUT:  PASS - test_fifo_order in 0.000 seconds
2026-05-30 22:34:54,040 - twister - DEBUG - OUTPUT: ===================================================================
2026-05-30 22:34:54,040 - twister - DEBUG - OUTPUT: START - test_push_full_returns_enospc
2026-05-30 22:34:54,041 - twister - DEBUG - OUTPUT: [00:00:00.000,000] [1;33m<wrn> ring_buf: buffer full (capacity=4)[0m
2026-05-30 22:34:54,041 - twister - DEBUG - OUTPUT:  PASS - test_push_full_returns_enospc in 0.000 seconds
2026-05-30 22:34:54,041 - twister - DEBUG - OUTPUT: ===================================================================
2026-05-30 22:34:54,041 - twister - DEBUG - OUTPUT: START - test_fifo_order
2026-05-30 22:34:54,041 - twister - DEBUG - OUTPUT:  PASS - test_fifo_order in 0.000 seconds
2026-05-30 22:34:54,041 - twister - DEBUG - OUTPUT: ===================================================================
2026-05-30 22:34:54,041 - twister - DEBUG - OUTPUT: START - test_single_push_pop
2026-05-30 22:34:54,042 - twister - DEBUG - OUTPUT:  PASS - test_single_push_pop in 0.000 seconds
2026-05-30 22:34:54,042 - twister - DEBUG - OUTPUT: ===================================================================
2026-05-30 22:34:54,042 - twister - DEBUG - OUTPUT: START - test_single_push_pop
2026-05-30 22:34:54,042 - twister - DEBUG - OUTPUT:  PASS - test_single_push_pop in 0.000 seconds
2026-05-30 22:34:54,042 - twister - DEBUG - OUTPUT: ===================================================================
2026-05-30 22:34:54,042 - twister - DEBUG - OUTPUT: START - test_push_full_returns_enospc
2026-05-30 22:34:54,042 - twister - DEBUG - OUTPUT: [00:00:00.000,000] [1;33m<wrn> ring_buf: buffer full (capacity=4)[0m
2026-05-30 22:34:54,042 - twister - DEBUG - OUTPUT:  PASS - test_push_full_returns_enospc in 0.000 seconds
2026-05-30 22:34:54,043 - twister - DEBUG - OUTPUT: ===================================================================
2026-05-30 22:34:54,043 - twister - DEBUG - OUTPUT: START - test_fifo_order
2026-05-30 22:34:54,043 - twister - DEBUG - OUTPUT:  PASS - test_fifo_order in 0.000 seconds
2026-05-30 22:34:54,043 - twister - DEBUG - OUTPUT: ===================================================================
2026-05-30 22:34:54,043 - twister - DEBUG - OUTPUT: TESTSUITE ring_buf_push_pop succeeded
2026-05-30 22:34:54,043 - twister - DEBUG - OUTPUT: Running TESTSUITE ring_buf_push_pop
2026-05-30 22:34:54,043 - twister - DEBUG - OUTPUT: ===================================================================
2026-05-30 22:34:54,044 - twister - DEBUG - OUTPUT: START - test_push_full_returns_enospc
2026-05-30 22:34:54,044 - twister - DEBUG - OUTPUT: [00:00:00.000,000] [1;33m<wrn> ring_buf: buffer full (capacity=4)[0m
2026-05-30 22:34:54,044 - twister - DEBUG - OUTPUT:  PASS - test_push_full_returns_enospc in 0.000 seconds
2026-05-30 22:34:54,044 - twister - DEBUG - OUTPUT: ===================================================================
2026-05-30 22:34:54,044 - twister - DEBUG - OUTPUT: START - test_single_push_pop
2026-05-30 22:34:54,044 - twister - DEBUG - OUTPUT:  PASS - test_single_push_pop in 0.000 seconds
2026-05-30 22:34:54,044 - twister - DEBUG - OUTPUT: ===================================================================
2026-05-30 22:34:54,045 - twister - DEBUG - OUTPUT: START - test_fifo_order
2026-05-30 22:34:54,045 - twister - DEBUG - OUTPUT:  PASS - test_fifo_order in 0.000 seconds
2026-05-30 22:34:54,045 - twister - DEBUG - OUTPUT: ===================================================================
2026-05-30 22:34:54,045 - twister - DEBUG - OUTPUT: START - test_fifo_order
2026-05-30 22:34:54,045 - twister - DEBUG - OUTPUT:  PASS - test_fifo_order in 0.000 seconds
2026-05-30 22:34:54,045 - twister - DEBUG - OUTPUT: ===================================================================
2026-05-30 22:34:54,045 - twister - DEBUG - OUTPUT: START - test_push_full_returns_enospc
2026-05-30 22:34:54,045 - twister - DEBUG - OUTPUT: [00:00:00.000,000] [1;33m<wrn> ring_buf: buffer full (capacity=4)[0m
2026-05-30 22:34:54,046 - twister - DEBUG - OUTPUT:  PASS - test_push_full_returns_enospc in 0.000 seconds
2026-05-30 22:34:54,046 - twister - DEBUG - OUTPUT: ===================================================================
2026-05-30 22:34:54,046 - twister - DEBUG - OUTPUT: START - test_single_push_pop
2026-05-30 22:34:54,046 - twister - DEBUG - OUTPUT:  PASS - test_single_push_pop in 0.000 seconds
2026-05-30 22:34:54,046 - twister - DEBUG - OUTPUT: ===================================================================
2026-05-30 22:34:54,046 - twister - DEBUG - OUTPUT: START - test_fifo_order
2026-05-30 22:34:54,046 - twister - DEBUG - OUTPUT:  PASS - test_fifo_order in 0.000 seconds
2026-05-30 22:34:54,046 - twister - DEBUG - OUTPUT: ===================================================================
2026-05-30 22:34:54,047 - twister - DEBUG - OUTPUT: START - test_push_full_returns_enospc
2026-05-30 22:34:54,047 - twister - DEBUG - OUTPUT: [00:00:00.000,000] [1;33m<wrn> ring_buf: buffer full (capacity=4)[0m
2026-05-30 22:34:54,047 - twister - DEBUG - OUTPUT:  PASS - test_push_full_returns_enospc in 0.000 seconds
2026-05-30 22:34:54,047 - twister - DEBUG - OUTPUT: ===================================================================
2026-05-30 22:34:54,047 - twister - DEBUG - OUTPUT: START - test_single_push_pop
2026-05-30 22:34:54,047 - twister - DEBUG - OUTPUT:  PASS - test_single_push_pop in 0.000 seconds
2026-05-30 22:34:54,048 - twister - DEBUG - OUTPUT: ===================================================================
2026-05-30 22:34:54,048 - twister - DEBUG - OUTPUT: TESTSUITE ring_buf_push_pop succeeded
2026-05-30 22:34:54,048 - twister - DEBUG - OUTPUT: Running TESTSUITE ring_buf_push_pop
2026-05-30 22:34:54,048 - twister - DEBUG - OUTPUT: ===================================================================
2026-05-30 22:34:54,048 - twister - DEBUG - OUTPUT: START - test_single_push_pop
2026-05-30 22:34:54,048 - twister - DEBUG - OUTPUT:  PASS - test_single_push_pop in 0.000 seconds
2026-05-30 22:34:54,048 - twister - DEBUG - OUTPUT: ===================================================================
2026-05-30 22:34:54,048 - twister - DEBUG - OUTPUT: START - test_fifo_order
2026-05-30 22:34:54,049 - twister - DEBUG - OUTPUT:  PASS - test_fifo_order in 0.000 seconds
2026-05-30 22:34:54,049 - twister - DEBUG - OUTPUT: ===================================================================
2026-05-30 22:34:54,049 - twister - DEBUG - OUTPUT: START - test_push_full_returns_enospc
2026-05-30 22:34:54,049 - twister - DEBUG - OUTPUT: [00:00:00.000,000] [1;33m<wrn> ring_buf: buffer full (capacity=4)[0m
2026-05-30 22:34:54,049 - twister - DEBUG - OUTPUT:  PASS - test_push_full_returns_enospc in 0.000 seconds
2026-05-30 22:34:54,049 - twister - DEBUG - OUTPUT: ===================================================================
2026-05-30 22:34:54,049 - twister - DEBUG - OUTPUT: START - test_single_push_pop
2026-05-30 22:34:54,050 - twister - DEBUG - OUTPUT:  PASS - test_single_push_pop in 0.000 seconds
2026-05-30 22:34:54,050 - twister - DEBUG - OUTPUT: ===================================================================
2026-05-30 22:34:54,050 - twister - DEBUG - OUTPUT: START - test_push_full_returns_enospc
2026-05-30 22:34:54,050 - twister - DEBUG - OUTPUT: [00:00:00.000,000] [1;33m<wrn> ring_buf: buffer full (capacity=4)[0m
2026-05-30 22:34:54,050 - twister - DEBUG - OUTPUT:  PASS - test_push_full_returns_enospc in 0.000 seconds
2026-05-30 22:34:54,050 - twister - DEBUG - OUTPUT: ===================================================================
2026-05-30 22:34:54,050 - twister - DEBUG - OUTPUT: START - test_fifo_order
2026-05-30 22:34:54,050 - twister - DEBUG - OUTPUT:  PASS - test_fifo_order in 0.000 seconds
2026-05-30 22:34:54,051 - twister - DEBUG - OUTPUT: ===================================================================
2026-05-30 22:34:54,051 - twister - DEBUG - OUTPUT: START - test_single_push_pop
2026-05-30 22:34:54,051 - twister - DEBUG - OUTPUT:  PASS - test_single_push_pop in 0.000 seconds
2026-05-30 22:34:54,051 - twister - DEBUG - OUTPUT: ===================================================================
2026-05-30 22:34:54,051 - twister - DEBUG - OUTPUT: START - test_push_full_returns_enospc
2026-05-30 22:34:54,051 - twister - DEBUG - OUTPUT: [00:00:00.000,000] [1;33m<wrn> ring_buf: buffer full (capacity=4)[0m
2026-05-30 22:34:54,051 - twister - DEBUG - OUTPUT:  PASS - test_push_full_returns_enospc in 0.000 seconds
2026-05-30 22:34:54,051 - twister - DEBUG - OUTPUT: ===================================================================
2026-05-30 22:34:54,052 - twister - DEBUG - OUTPUT: START - test_fifo_order
2026-05-30 22:34:54,052 - twister - DEBUG - OUTPUT:  PASS - test_fifo_order in 0.000 seconds
2026-05-30 22:34:54,052 - twister - DEBUG - OUTPUT: ===================================================================
2026-05-30 22:34:54,052 - twister - DEBUG - OUTPUT: TESTSUITE ring_buf_push_pop succeeded
2026-05-30 22:34:54,052 - twister - DEBUG - OUTPUT: 
2026-05-30 22:34:54,052 - twister - DEBUG - OUTPUT: ------ TESTSUITE SUMMARY START ------
2026-05-30 22:34:54,052 - twister - DEBUG - OUTPUT: 
2026-05-30 22:34:54,053 - twister - DEBUG - OUTPUT: SUITE PASS - 100.00% [ring_buf_boundaries]: pass = 3, fail = 0, skip = 0, total = 3 duration = 0.000 seconds
2026-05-30 22:34:54,053 - twister - DEBUG - OUTPUT:  - PASS - [ring_buf_boundaries.test_is_full_after_fill] duration = 0.000 seconds
2026-05-30 22:34:54,053 - twister - DEBUG - OUTPUT:  - PASS - [ring_buf_boundaries.test_peek_does_not_consume] duration = 0.000 seconds
2026-05-30 22:34:54,053 - twister - DEBUG - OUTPUT:  - PASS - [ring_buf_boundaries.test_pop_null_returns_einval] duration = 0.000 seconds
2026-05-30 22:34:54,053 - twister - DEBUG - OUTPUT: 
2026-05-30 22:34:54,053 - twister - DEBUG - OUTPUT: SUITE PASS - 100.00% [ring_buf_init]: pass = 2, fail = 0, skip = 0, total = 2 duration = 0.000 seconds
2026-05-30 22:34:54,054 - twister - DEBUG - OUTPUT:  - PASS - [ring_buf_init.test_fresh_state] duration = 0.000 seconds
2026-05-30 22:34:54,054 - twister - DEBUG - OUTPUT:  - PASS - [ring_buf_init.test_reinit_clears_state] duration = 0.000 seconds
2026-05-30 22:34:54,054 - twister - DEBUG - OUTPUT: 
2026-05-30 22:34:54,054 - twister - DEBUG - OUTPUT: SUITE PASS - 100.00% [ring_buf_push_pop]: pass = 3, fail = 0, skip = 0, total = 3 duration = 0.000 seconds
2026-05-30 22:34:54,054 - twister - DEBUG - OUTPUT:  - PASS - [ring_buf_push_pop.test_fifo_order] duration = 0.000 seconds
2026-05-30 22:34:54,055 - twister - DEBUG - OUTPUT:  - PASS - [ring_buf_push_pop.test_push_full_returns_enospc] duration = 0.000 seconds
2026-05-30 22:34:54,055 - twister - DEBUG - OUTPUT:  - PASS - [ring_buf_push_pop.test_single_push_pop] duration = 0.000 seconds
2026-05-30 22:34:54,055 - twister - DEBUG - OUTPUT: 
2026-05-30 22:34:54,055 - twister - DEBUG - OUTPUT: ------ TESTSUITE SUMMARY END ------
2026-05-30 22:34:54,055 - twister - DEBUG - OUTPUT: 
2026-05-30 22:34:54,055 - twister - DEBUG - OUTPUT: ===================================================================
2026-05-30 22:34:54,056 - twister - DEBUG - OUTPUT: RunID: fa47a899c69c543cd45dc39ad6223886
2026-05-30 22:34:54,056 - twister - DEBUG - OUTPUT: PROJECT EXECUTION SUCCESSFUL
2026-05-30 22:34:54,057 - twister - DEBUG - Expected suite names:['ring_buf_init', 'ring_buf_push_pop', 'ring_buf_boundaries']
2026-05-30 22:34:54,057 - twister - DEBUG - Detected suite names:['ring_buf_boundaries', 'ring_buf_init', 'ring_buf_push_pop']
2026-05-30 22:34:54,057 - twister - DEBUG - run status: native_sim/native/host/gnu/homework.unit.ring_buf passed
2026-05-30 22:34:54,058 - twister - DEBUG - Run coverage for 'native_sim/native/host/gnu/homework.unit.ring_buf'
2026-05-30 22:34:54,168 - twister - DEBUG - Select gcovr as the coverage tool...
2026-05-30 22:34:54,168 - twister - DEBUG - Using gcov tool: gcov
2026-05-30 22:34:54,214 - twister - DEBUG - Working on /home/rodrigo/zephyr-course_ram/twister-out/native_sim_native/host_gnu/zephyr-course_ram/tests/ring_buf/homework.unit.ring_buf/handler.log
2026-05-30 22:34:54,215 - twister - DEBUG - Generating 0 gcda files
2026-05-30 22:34:54,215 - twister - DEBUG - Gcov data captured: /home/rodrigo/zephyr-course_ram/twister-out/native_sim_native/host_gnu/zephyr-course_ram/tests/ring_buf/homework.unit.ring_buf/handler.log
2026-05-30 22:34:54,222 - twister - INFO - 1 test scenarios (1 configurations) selected, 0 configurations filtered (0 by static filter, 0 at runtime).
2026-05-30 22:34:54,227 - twister - INFO - [32m1 of 1[39m executed test configurations passed (100.00%), 0 built (not run), 0 failed, 0 errored, with no warnings in 13.53 seconds.
2026-05-30 22:34:54,227 - twister - INFO - 8 of 8 executed test cases passed (100.00%) on 1 out of total 1472 platforms (0.07%).
2026-05-30 22:34:54,228 - twister - INFO - [32m1[39m test configurations executed on platforms, [36m0[39m test configurations were only built.
2026-05-30 22:34:54,344 - twister - DEBUG - Select gcovr as the coverage tool...
2026-05-30 22:34:54,344 - twister - DEBUG - Using gcov tool: gcov
2026-05-30 22:34:54,344 - twister - DEBUG - Running: gcovr -r /home/rodrigo/zephyr-course_ram/app/modules/ring_buf --gcov-ignore-parse-errors=negative_hits.warn_once_per_file --gcov-executable gcov -e tests/* --gcov-object-directory /home/rodrigo/zephyr-course_ram/twister-out --gcov-ignore-parse-errors=suspicious_hits.warn_once_per_file -e .*generated.* -e .*/tests/.* -e .*/samples/.* --exclude-branches-by-pattern (^\s*LOG_(?:HEXDUMP_)?(?:DBG|INF|WRN|ERR)\(.*)|(^\s*__ASSERT(?:_EVAL|_NO_MSG|_POST_ACTION)?\(.*) -v --merge-mode-functions=separate --json -o /home/rodrigo/zephyr-course_ram/twister-out/coverage.json /home/rodrigo/zephyr-course_ram/twister-out
2026-05-30 22:34:55,367 - twister - DEBUG - Running: gcovr -r /home/rodrigo/zephyr-course_ram/app/modules/ring_buf -v --merge-mode-functions=separate --gcov-executable gcov -f tests/ztest -e tests/ztest/test/* --json -o /home/rodrigo/zephyr-course_ram/twister-out/ztest.json /home/rodrigo/zephyr-course_ram/twister-out --gcov-object-directory /home/rodrigo/zephyr-course_ram/twister-out
2026-05-30 22:34:56,484 - twister - DEBUG - Coverage collected 2 reports from: /home/rodrigo/zephyr-course_ram/twister-out
2026-05-30 22:34:56,484 - twister - DEBUG - Running: gcovr -r /home/rodrigo/zephyr-course_ram/app/modules/ring_buf -v --merge-mode-functions=separate --html /home/rodrigo/zephyr-course_ram/twister-out/coverage/index.html --html-details --add-tracefile /home/rodrigo/zephyr-course_ram/twister-out/coverage.json --add-tracefile /home/rodrigo/zephyr-course_ram/twister-out/ztest.json --json-summary-pretty --json-summary /home/rodrigo/zephyr-course_ram/twister-out/coverage_summary.json
2026-05-30 22:34:56,855 - twister - INFO - HTML report generated: /home/rodrigo/zephyr-course_ram/twister-out/coverage/index.html
2026-05-30 22:34:56,855 - twister - DEBUG - All coverage data processed: True
2026-05-30 22:34:56,855 - twister - INFO - Saving reports...
2026-05-30 22:34:56,855 - twister - INFO - Writing JSON report /home/rodrigo/zephyr-course_ram/twister-out/twister.json
2026-05-30 22:34:56,856 - twister - INFO - Writing xunit report /home/rodrigo/zephyr-course_ram/twister-out/twister.xml...
2026-05-30 22:34:56,857 - twister - INFO - Writing xunit report /home/rodrigo/zephyr-course_ram/twister-out/twister_report.xml...
2026-05-30 22:34:56,858 - twister - INFO - Run completed
