Archive member included to satisfy reference by file (symbol)

app/libapp.a(test_ring_buf.c.obj)
                              (--whole-archive)
app/libapp.a(ring_buf.c.obj)  (--whole-archive)
zephyr/libzephyr.a(validate_libc.c.obj)
                              (--whole-archive)
zephyr/libzephyr.a(heap.c.obj)
                              (--whole-archive)
zephyr/libzephyr.a(cbprintf_packaged.c.obj)
                              (--whole-archive)
zephyr/libzephyr.a(clock.c.obj)
                              (--whole-archive)
zephyr/libzephyr.a(printk.c.obj)
                              (--whole-archive)
zephyr/libzephyr.a(sem.c.obj)
                              (--whole-archive)
zephyr/libzephyr.a(thread_entry.c.obj)
                              (--whole-archive)
zephyr/libzephyr.a(cbprintf_complete.c.obj)
                              (--whole-archive)
zephyr/libzephyr.a(cbprintf.c.obj)
                              (--whole-archive)
zephyr/libzephyr.a(assert.c.obj)
                              (--whole-archive)
zephyr/libzephyr.a(dec.c.obj)
                              (--whole-archive)
zephyr/libzephyr.a(hex.c.obj)
                              (--whole-archive)
zephyr/libzephyr.a(rb.c.obj)  (--whole-archive)
zephyr/libzephyr.a(set.c.obj)
                              (--whole-archive)
zephyr/libzephyr.a(timeutil.c.obj)
                              (--whole-archive)
zephyr/libzephyr.a(bitarray.c.obj)
                              (--whole-archive)
zephyr/libzephyr.a(bitmask.c.obj)
                              (--whole-archive)
zephyr/libzephyr.a(getopt.c.obj)
                              (--whole-archive)
zephyr/libzephyr.a(getopt_common.c.obj)
                              (--whole-archive)
zephyr/libzephyr.a(ring_buffer.c.obj)
                              (--whole-archive)
zephyr/libzephyr.a(configs.c.obj)
                              (--whole-archive)
zephyr/libzephyr.a(log_core.c.obj)
                              (--whole-archive)
zephyr/libzephyr.a(log_mgmt.c.obj)
                              (--whole-archive)
zephyr/libzephyr.a(log_cache.c.obj)
                              (--whole-archive)
zephyr/libzephyr.a(log_msg.c.obj)
                              (--whole-archive)
zephyr/libzephyr.a(log_output.c.obj)
                              (--whole-archive)
zephyr/libzephyr.a(log_backend_native_posix.c.obj)
                              (--whole-archive)
zephyr/libzephyr.a(tracing_none.c.obj)
                              (--whole-archive)
zephyr/arch/common/libarch__common.a(init.c.obj)
                              (--whole-archive)
zephyr/arch/arch/posix/core/libarch__posix__core.a(cpuhalt.c.obj)
                              (--whole-archive)
zephyr/arch/arch/posix/core/libarch__posix__core.a(fatal.c.obj)
                              (--whole-archive)
zephyr/arch/arch/posix/core/libarch__posix__core.a(irq.c.obj)
                              (--whole-archive)
zephyr/arch/arch/posix/core/libarch__posix__core.a(swap.c.obj)
                              (--whole-archive)
zephyr/arch/arch/posix/core/libarch__posix__core.a(thread.c.obj)
                              (--whole-archive)
zephyr/arch/arch/posix/core/libarch__posix__core.a(posix_core_nsi.c.obj)
                              (--whole-archive)
zephyr/soc/soc/native/libsoc__native__inf_clock.a(soc.c.obj)
                              (--whole-archive)
zephyr/soc/soc/native/libsoc__native__inf_clock.a(native_tasks.c.obj)
                              (--whole-archive)
zephyr/soc/soc/native/libsoc__native__inf_clock.a(native_remap.c.obj)
                              (--whole-archive)
zephyr/boards/native/native_sim/libboards__native__native_sim.a(cmdline.c.obj)
                              (--whole-archive)
zephyr/boards/native/native_sim/libboards__native__native_sim.a(cpu_wait.c.obj)
                              (--whole-archive)
zephyr/boards/native/native_sim/libboards__native__native_sim.a(nsi_if.c.obj)
                              (--whole-archive)
zephyr/boards/native/native_sim/libboards__native__native_sim.a(irq_handler.c.obj)
                              (--whole-archive)
zephyr/boards/native/native_sim/libboards__native__native_sim.a(misc.c.obj)
                              (--whole-archive)
zephyr/boards/native/native_sim/libboards__native__native_sim.a(posix_arch_if.c.obj)
                              (--whole-archive)
zephyr/subsys/random/libsubsys__random.a(random_timer.c.obj)
                              (--whole-archive)
zephyr/subsys/random/libsubsys__random.a(random_test_csprng.c.obj)
                              (--whole-archive)
zephyr/subsys/testsuite/ztest/libsubsys__testsuite__ztest.a(ztest.c.obj)
                              (--whole-archive)
zephyr/subsys/testsuite/ztest/libsubsys__testsuite__ztest.a(ztest_error_hook.c.obj)
                              (--whole-archive)
zephyr/subsys/testsuite/ztest/libsubsys__testsuite__ztest.a(ztest_rules.c.obj)
                              (--whole-archive)
[...]
Memory Configuration

Name             Origin             Length             Attributes
*default*        0x0000000000000000 0xffffffffffffffff

Linker script and memory map


.interp
 *(SORT_BY_ALIGNMENT(.interp))

.note.gnu.build-id
 *(SORT_BY_ALIGNMENT(.note.gnu.build-id))

.hash
 *(SORT_BY_ALIGNMENT(.hash))

.gnu.hash
 *(SORT_BY_ALIGNMENT(.gnu.hash))

.dynsym
 *(SORT_BY_ALIGNMENT(.dynsym))

.dynstr
 *(SORT_BY_ALIGNMENT(.dynstr))

.gnu.version
 *(SORT_BY_ALIGNMENT(.gnu.version))

.gnu.version_d
 *(SORT_BY_ALIGNMENT(.gnu.version_d))

.gnu.version_r
 *(SORT_BY_ALIGNMENT(.gnu.version_r))

.rel.init
 *(SORT_BY_ALIGNMENT(.rel.init))

.rel.text
 *(SORT_BY_ALIGNMENT(.rel.text))

.rel.fini
 *(SORT_BY_ALIGNMENT(.rel.fini))

.rel.rodata
 *(SORT_BY_ALIGNMENT(.rel.rodata))

.rel.data.rel.ro
 *(SORT_BY_ALIGNMENT(.rel.data.rel.ro))

.rel.data
 *(SORT_BY_ALIGNMENT(.rel.data))

.rel.tdata
 *(SORT_BY_ALIGNMENT(.rel.tdata))

.rel.tbss
 *(SORT_BY_ALIGNMENT(.rel.tbss))

.rel.ctors
 *(SORT_BY_ALIGNMENT(.rel.ctors))

.rel.dtors
 *(SORT_BY_ALIGNMENT(.rel.dtors))

.rel.got
 *(SORT_BY_ALIGNMENT(.rel.got))

.rel.bss
 *(SORT_BY_ALIGNMENT(.rel.bss))

.rel.ifunc
 *(SORT_BY_ALIGNMENT(.rel.ifunc))

.rel.plt
 *(SORT_BY_ALIGNMENT(.rel.plt))

.relr.dyn
 *(SORT_BY_ALIGNMENT(.relr.dyn))

.init
 *(SORT_NONE(.init))

.plt
 *(SORT_BY_ALIGNMENT(.plt))

.plt.got
 *(SORT_BY_ALIGNMENT(.plt.got))

.plt.sec
 *(SORT_BY_ALIGNMENT(.plt.sec))

.text           0x0000000000000000      0x231
 *(SORT_BY_ALIGNMENT(.text) SORT_BY_ALIGNMENT(.stub))
 .text          0x0000000000000000      0x112 /usr/lib/gcc/x86_64-linux-gnu/11/32/libgcc.a(_udivdi3.o)
                0x0000000000000000                __udivdi3
 *fill*         0x0000000000000112        0xe 
 .text          0x0000000000000120      0x111 /usr/lib/gcc/x86_64-linux-gnu/11/32/libgcc.a(_umoddi3.o)
                0x0000000000000120                __umoddi3
 *(SORT_BY_ALIGNMENT(.gnu.warning))

.text._OffsetAbsSyms
                0x0000000000000000      0x1c6
 .text._OffsetAbsSyms
                0x0000000000000000      0x1c6 zephyr/CMakeFiles/offsets.dir/./arch/posix/core/offsets/offsets.c.obj
                0x0000000000000000                _OffsetAbsSyms

.text._sub_I_00100_0
                0x0000000000000000      0x600
 .text._sub_I_00100_0
                0x0000000000000000       0x18 zephyr/CMakeFiles/offsets.dir/./arch/posix/core/offsets/offsets.c.obj
 .text._sub_I_00100_0
                0x0000000000000018       0x18 app/libapp.a(test_ring_buf.c.obj)
 .text._sub_I_00100_0
                0x0000000000000030       0x18 app/libapp.a(ring_buf.c.obj)
 .text._sub_I_00100_0
                0x0000000000000048       0x18 zephyr/libzephyr.a(heap.c.obj)
 .text._sub_I_00100_0
                0x0000000000000060       0x18 zephyr/libzephyr.a(cbprintf_packaged.c.obj)
 .text._sub_I_00100_0
                0x0000000000000078       0x18 zephyr/libzephyr.a(clock.c.obj)
 .text._sub_I_00100_0
                0x0000000000000090       0x18 zephyr/libzephyr.a(printk.c.obj)
 .text._sub_I_00100_0
                0x00000000000000a8       0x18 zephyr/libzephyr.a(sem.c.obj)
 .text._sub_I_00100_0
                0x00000000000000c0       0x18 zephyr/libzephyr.a(thread_entry.c.obj)
 .text._sub_I_00100_0
                0x00000000000000d8       0x18 zephyr/libzephyr.a(cbprintf_complete.c.obj)
 .text._sub_I_00100_0
                0x00000000000000f0       0x18 zephyr/libzephyr.a(cbprintf.c.obj)
 .text._sub_I_00100_0
                0x0000000000000108       0x18 zephyr/libzephyr.a(assert.c.obj)
 .text._sub_I_00100_0
                0x0000000000000120       0x18 zephyr/libzephyr.a(dec.c.obj)
 .text._sub_I_00100_0
                0x0000000000000138       0x18 zephyr/libzephyr.a(hex.c.obj)
 .text._sub_I_00100_0
                0x0000000000000150       0x18 zephyr/libzephyr.a(rb.c.obj)
 .text._sub_I_00100_0
                0x0000000000000168       0x18 zephyr/libzephyr.a(set.c.obj)
 .text._sub_I_00100_0
                0x0000000000000180       0x18 zephyr/libzephyr.a(timeutil.c.obj)
 .text._sub_I_00100_0
                0x0000000000000198       0x18 zephyr/libzephyr.a(bitarray.c.obj)
 .text._sub_I_00100_0
                0x00000000000001b0       0x18 zephyr/libzephyr.a(bitmask.c.obj)
 .text._sub_I_00100_0
                0x00000000000001c8       0x18 zephyr/libzephyr.a(getopt.c.obj)
 .text._sub_I_00100_0
                0x00000000000001e0       0x18 zephyr/libzephyr.a(getopt_common.c.obj)
 .text._sub_I_00100_0
                0x00000000000001f8       0x18 zephyr/libzephyr.a(ring_buffer.c.obj)
 .text._sub_I_00100_0
                0x0000000000000210       0x18 zephyr/libzephyr.a(configs.c.obj)
 .text._sub_I_00100_0
                0x0000000000000228       0x18 zephyr/libzephyr.a(log_core.c.obj)
 .text._sub_I_00100_0
                0x0000000000000240       0x18 zephyr/libzephyr.a(log_mgmt.c.obj)
 .text._sub_I_00100_0
                0x0000000000000258       0x18 zephyr/libzephyr.a(log_cache.c.obj)
 .text._sub_I_00100_0
                0x0000000000000270       0x18 zephyr/libzephyr.a(log_msg.c.obj)
 .text._sub_I_00100_0
                0x0000000000000288       0x18 zephyr/libzephyr.a(log_output.c.obj)
 .text._sub_I_00100_0
                0x00000000000002a0       0x18 zephyr/libzephyr.a(log_backend_native_posix.c.obj)
 .text._sub_I_00100_0
                0x00000000000002b8       0x18 zephyr/libzephyr.a(tracing_none.c.obj)
 .text._sub_I_00100_0
                0x00000000000002d0       0x18 zephyr/arch/common/libarch__common.a(init.c.obj)
 .text._sub_I_00100_0
                0x00000000000002e8       0x18 zephyr/arch/arch/posix/core/libarch__posix__core.a(cpuhalt.c.obj)
 .text._sub_I_00100_0
                0x0000000000000300       0x18 zephyr/arch/arch/posix/core/libarch__posix__core.a(fatal.c.obj)
 .text._sub_I_00100_0
                0x0000000000000318       0x18 zephyr/arch/arch/posix/core/libarch__posix__core.a(irq.c.obj)
 .text._sub_I_00100_0
                0x0000000000000330       0x18 zephyr/arch/arch/posix/core/libarch__posix__core.a(swap.c.obj)
 .text._sub_I_00100_0
                0x0000000000000348       0x18 zephyr/arch/arch/posix/core/libarch__posix__core.a(thread.c.obj)
 .text._sub_I_00100_0
                0x0000000000000360       0x18 zephyr/arch/arch/posix/core/libarch__posix__core.a(posix_core_nsi.c.obj)
 .text._sub_I_00100_0
                0x0000000000000378       0x18 zephyr/soc/soc/native/libsoc__native__inf_clock.a(soc.c.obj)
 .text._sub_I_00100_0
                0x0000000000000390       0x18 zephyr/soc/soc/native/libsoc__native__inf_clock.a(native_tasks.c.obj)
 .text._sub_I_00100_0
                0x00000000000003a8       0x18 zephyr/soc/soc/native/libsoc__native__inf_clock.a(native_remap.c.obj)
 .text._sub_I_00100_0
                0x00000000000003c0       0x18 zephyr/boards/native/native_sim/libboards__native__native_sim.a(cmdline.c.obj)
 .text._sub_I_00100_0
                0x00000000000003d8       0x18 zephyr/boards/native/native_sim/libboards__native__native_sim.a(cpu_wait.c.obj)
 .text._sub_I_00100_0
                0x00000000000003f0       0x18 zephyr/boards/native/native_sim/libboards__native__native_sim.a(nsi_if.c.obj)
 .text._sub_I_00100_0
                0x0000000000000408       0x18 zephyr/boards/native/native_sim/libboards__native__native_sim.a(irq_handler.c.obj)
 .text._sub_I_00100_0
                0x0000000000000420       0x18 zephyr/boards/native/native_sim/libboards__native__native_sim.a(posix_arch_if.c.obj)
 .text._sub_I_00100_0
                0x0000000000000438       0x18 zephyr/subsys/random/libsubsys__random.a(random_timer.c.obj)
 .text._sub_I_00100_0
                0x0000000000000450       0x18 zephyr/subsys/random/libsubsys__random.a(random_test_csprng.c.obj)
 .text._sub_I_00100_0
                0x0000000000000468       0x18 zephyr/subsys/testsuite/ztest/libsubsys__testsuite__ztest.a(ztest.c.obj)
 .text._sub_I_00100_0
                0x0000000000000480       0x18 zephyr/subsys/testsuite/ztest/libsubsys__testsuite__ztest.a(ztest_posix.c.obj)
 .text._sub_I_00100_0
                0x0000000000000498       0x18 zephyr/drivers/console/libdrivers__console.a(posix_arch_console.c.obj)
 .text._sub_I_00100_0
                0x00000000000004b0       0x18 zephyr/drivers/timer/libdrivers__timer.a(sys_clock_init.c.obj)
 .text._sub_I_00100_0
                0x00000000000004c8       0x18 zephyr/drivers/timer/libdrivers__timer.a(native_sim_timer.c.obj)
 .text._sub_I_00100_0
                0x00000000000004e0       0x18 zephyr/kernel/libkernel.a(fatal.c.obj)
 .text._sub_I_00100_0
                0x00000000000004f8       0x18 zephyr/kernel/libkernel.a(init.c.obj)
 .text._sub_I_00100_0
                0x0000000000000510       0x18 zephyr/kernel/libkernel.a(idle.c.obj)
 .text._sub_I_00100_0
                0x0000000000000528       0x18 zephyr/kernel/libkernel.a(sem.c.obj)
 .text._sub_I_00100_0
                0x0000000000000540       0x18 zephyr/kernel/libkernel.a(thread.c.obj)
 .text._sub_I_00100_0
                0x0000000000000558       0x18 zephyr/kernel/libkernel.a(sched.c.obj)
 .text._sub_I_00100_0
                0x0000000000000570       0x18 zephyr/kernel/libkernel.a(timeslicing.c.obj)
 .text._sub_I_00100_0
                0x0000000000000588       0x18 zephyr/kernel/libkernel.a(spinlock_validate.c.obj)
 .text._sub_I_00100_0
                0x00000000000005a0       0x18 zephyr/kernel/libkernel.a(timeout.c.obj)
 .text._sub_I_00100_0
                0x00000000000005b8       0x18 zephyr/kernel/libkernel.a(timer.c.obj)
 .text._sub_I_00100_0
                0x00000000000005d0       0x18 zephyr/kernel/libkernel.a(banner.c.obj)
 .text._sub_I_00100_0
                0x00000000000005e8       0x18 zephyr/kernel/libkernel.a(device.c.obj)

.text._sub_D_00100_1
                0x0000000000000000      0x340
 .text._sub_D_00100_1
                0x0000000000000000        0xd zephyr/CMakeFiles/offsets.dir/./arch/posix/core/offsets/offsets.c.obj
 .text._sub_D_00100_1
                0x000000000000000d        0xd app/libapp.a(test_ring_buf.c.obj)
 .text._sub_D_00100_1
                0x000000000000001a        0xd app/libapp.a(ring_buf.c.obj)
 .text._sub_D_00100_1
                0x0000000000000027        0xd zephyr/libzephyr.a(heap.c.obj)
 .text._sub_D_00100_1
                0x0000000000000034        0xd zephyr/libzephyr.a(cbprintf_packaged.c.obj)
 .text._sub_D_00100_1
                0x0000000000000041        0xd zephyr/libzephyr.a(clock.c.obj)
 .text._sub_D_00100_1
                0x000000000000004e        0xd zephyr/libzephyr.a(printk.c.obj)
 .text._sub_D_00100_1
                0x000000000000005b        0xd zephyr/libzephyr.a(sem.c.obj)
 .text._sub_D_00100_1
                0x0000000000000068        0xd zephyr/libzephyr.a(thread_entry.c.obj)
 .text._sub_D_00100_1
                0x0000000000000075        0xd zephyr/libzephyr.a(cbprintf_complete.c.obj)
 .text._sub_D_00100_1
                0x0000000000000082        0xd zephyr/libzephyr.a(cbprintf.c.obj)
 .text._sub_D_00100_1
                0x000000000000008f        0xd zephyr/libzephyr.a(assert.c.obj)
 .text._sub_D_00100_1
                0x000000000000009c        0xd zephyr/libzephyr.a(dec.c.obj)
 .text._sub_D_00100_1
                0x00000000000000a9        0xd zephyr/libzephyr.a(hex.c.obj)
 .text._sub_D_00100_1
                0x00000000000000b6        0xd zephyr/libzephyr.a(rb.c.obj)
 .text._sub_D_00100_1
                0x00000000000000c3        0xd zephyr/libzephyr.a(set.c.obj)
 .text._sub_D_00100_1
                0x00000000000000d0        0xd zephyr/libzephyr.a(timeutil.c.obj)
 .text._sub_D_00100_1
                0x00000000000000dd        0xd zephyr/libzephyr.a(bitarray.c.obj)
 .text._sub_D_00100_1
                0x00000000000000ea        0xd zephyr/libzephyr.a(bitmask.c.obj)
 .text._sub_D_00100_1
                0x00000000000000f7        0xd zephyr/libzephyr.a(getopt.c.obj)
 .text._sub_D_00100_1
                0x0000000000000104        0xd zephyr/libzephyr.a(getopt_common.c.obj)
 .text._sub_D_00100_1
                0x0000000000000111        0xd zephyr/libzephyr.a(ring_buffer.c.obj)
 .text._sub_D_00100_1
                0x000000000000011e        0xd zephyr/libzephyr.a(configs.c.obj)
 .text._sub_D_00100_1
                0x000000000000012b        0xd zephyr/libzephyr.a(log_core.c.obj)
 .text._sub_D_00100_1
                0x0000000000000138        0xd zephyr/libzephyr.a(log_mgmt.c.obj)
 .text._sub_D_00100_1
                0x0000000000000145        0xd zephyr/libzephyr.a(log_cache.c.obj)
 .text._sub_D_00100_1
                0x0000000000000152        0xd zephyr/libzephyr.a(log_msg.c.obj)
 .text._sub_D_00100_1
                0x000000000000015f        0xd zephyr/libzephyr.a(log_output.c.obj)
 .text._sub_D_00100_1
                0x000000000000016c        0xd zephyr/libzephyr.a(log_backend_native_posix.c.obj)
 .text._sub_D_00100_1
                0x0000000000000179        0xd zephyr/libzephyr.a(tracing_none.c.obj)
 .text._sub_D_00100_1
                0x0000000000000186        0xd zephyr/arch/common/libarch__common.a(init.c.obj)
 .text._sub_D_00100_1
                0x0000000000000193        0xd zephyr/arch/arch/posix/core/libarch__posix__core.a(cpuhalt.c.obj)
 .text._sub_D_00100_1
                0x00000000000001a0        0xd zephyr/arch/arch/posix/core/libarch__posix__core.a(fatal.c.obj)
 .text._sub_D_00100_1
                0x00000000000001ad        0xd zephyr/arch/arch/posix/core/libarch__posix__core.a(irq.c.obj)
 .text._sub_D_00100_1
                0x00000000000001ba        0xd zephyr/arch/arch/posix/core/libarch__posix__core.a(swap.c.obj)
 .text._sub_D_00100_1
                0x00000000000001c7        0xd zephyr/arch/arch/posix/core/libarch__posix__core.a(thread.c.obj)
 .text._sub_D_00100_1
                0x00000000000001d4        0xd zephyr/arch/arch/posix/core/libarch__posix__core.a(posix_core_nsi.c.obj)
 .text._sub_D_00100_1
                0x00000000000001e1        0xd zephyr/soc/soc/native/libsoc__native__inf_clock.a(soc.c.obj)
 .text._sub_D_00100_1
                0x00000000000001ee        0xd zephyr/soc/soc/native/libsoc__native__inf_clock.a(native_tasks.c.obj)
 .text._sub_D_00100_1
                0x00000000000001fb        0xd zephyr/soc/soc/native/libsoc__native__inf_clock.a(native_remap.c.obj)
 .text._sub_D_00100_1
                0x0000000000000208        0xd zephyr/boards/native/native_sim/libboards__native__native_sim.a(cmdline.c.obj)
 .text._sub_D_00100_1
                0x0000000000000215        0xd zephyr/boards/native/native_sim/libboards__native__native_sim.a(cpu_wait.c.obj)
 .text._sub_D_00100_1
                0x0000000000000222        0xd zephyr/boards/native/native_sim/libboards__native__native_sim.a(nsi_if.c.obj)
 .text._sub_D_00100_1
                0x000000000000022f        0xd zephyr/boards/native/native_sim/libboards__native__native_sim.a(irq_handler.c.obj)
 .text._sub_D_00100_1
                0x000000000000023c        0xd zephyr/boards/native/native_sim/libboards__native__native_sim.a(posix_arch_if.c.obj)
 .text._sub_D_00100_1
                0x0000000000000249        0xd zephyr/subsys/random/libsubsys__random.a(random_timer.c.obj)
 .text._sub_D_00100_1
                0x0000000000000256        0xd zephyr/subsys/random/libsubsys__random.a(random_test_csprng.c.obj)
 .text._sub_D_00100_1
                0x0000000000000263        0xd zephyr/subsys/testsuite/ztest/libsubsys__testsuite__ztest.a(ztest.c.obj)
 .text._sub_D_00100_1
                0x0000000000000270        0xd zephyr/subsys/testsuite/ztest/libsubsys__testsuite__ztest.a(ztest_posix.c.obj)
 .text._sub_D_00100_1
                0x000000000000027d        0xd zephyr/drivers/console/libdrivers__console.a(posix_arch_console.c.obj)
 .text._sub_D_00100_1
                0x000000000000028a        0xd zephyr/drivers/timer/libdrivers__timer.a(sys_clock_init.c.obj)
 .text._sub_D_00100_1
                0x0000000000000297        0xd zephyr/drivers/timer/libdrivers__timer.a(native_sim_timer.c.obj)
 .text._sub_D_00100_1
                0x00000000000002a4        0xd zephyr/kernel/libkernel.a(fatal.c.obj)
 .text._sub_D_00100_1
                0x00000000000002b1        0xd zephyr/kernel/libkernel.a(init.c.obj)
 .text._sub_D_00100_1
                0x00000000000002be        0xd zephyr/kernel/libkernel.a(idle.c.obj)
 .text._sub_D_00100_1
                0x00000000000002cb        0xd zephyr/kernel/libkernel.a(sem.c.obj)
 .text._sub_D_00100_1
                0x00000000000002d8        0xd zephyr/kernel/libkernel.a(thread.c.obj)
 .text._sub_D_00100_1
                0x00000000000002e5        0xd zephyr/kernel/libkernel.a(sched.c.obj)
 .text._sub_D_00100_1
                0x00000000000002f2        0xd zephyr/kernel/libkernel.a(timeslicing.c.obj)
 .text._sub_D_00100_1
                0x00000000000002ff        0xd zephyr/kernel/libkernel.a(spinlock_validate.c.obj)
 .text._sub_D_00100_1
                0x000000000000030c        0xd zephyr/kernel/libkernel.a(timeout.c.obj)
 .text._sub_D_00100_1
                0x0000000000000319        0xd zephyr/kernel/libkernel.a(timer.c.obj)
 .text._sub_D_00100_1
                0x0000000000000326        0xd zephyr/kernel/libkernel.a(banner.c.obj)
 .text._sub_D_00100_1
                0x0000000000000333        0xd zephyr/kernel/libkernel.a(device.c.obj)

.text.z_zassert
                0x0000000000000000      0x17a
 .text.z_zassert
                0x0000000000000000      0x17a app/libapp.a(test_ring_buf.c.obj)

.text.before    0x0000000000000000       0x4e
 .text.before   0x0000000000000000       0x4e app/libapp.a(test_ring_buf.c.obj)

.text._ring_buf_init_test_fresh_state_wrapper
                0x0000000000000000       0x45
 .text._ring_buf_init_test_fresh_state_wrapper
                0x0000000000000000       0x45 app/libapp.a(test_ring_buf.c.obj)

.text.ring_buf_init_test_fresh_state
                0x0000000000000000      0x1af
 .text.ring_buf_init_test_fresh_state
                0x0000000000000000      0x1af app/libapp.a(test_ring_buf.c.obj)

.text._ring_buf_init_test_reinit_clears_state_wrapper
                0x0000000000000000       0x45
 .text._ring_buf_init_test_reinit_clears_state_wrapper
                0x0000000000000000       0x45 app/libapp.a(test_ring_buf.c.obj)

.text.ring_buf_init_test_reinit_clears_state
                0x0000000000000000      0x456
 .text.ring_buf_init_test_reinit_clears_state
                0x0000000000000000      0x456 app/libapp.a(test_ring_buf.c.obj)

.text._ring_buf_push_pop_test_single_push_pop_wrapper
                0x0000000000000000       0x45
 .text._ring_buf_push_pop_test_single_push_pop_wrapper
                0x0000000000000000       0x45 app/libapp.a(test_ring_buf.c.obj)

.text.ring_buf_push_pop_test_single_push_pop
                0x0000000000000000      0x350
 .text.ring_buf_push_pop_test_single_push_pop
                0x0000000000000000      0x350 app/libapp.a(test_ring_buf.c.obj)

.text._ring_buf_push_pop_test_fifo_order_wrapper
                0x0000000000000000       0x45
 .text._ring_buf_push_pop_test_fifo_order_wrapper
                0x0000000000000000       0x45 app/libapp.a(test_ring_buf.c.obj)

.text.ring_buf_push_pop_test_fifo_order
                0x0000000000000000      0x7d4
 .text.ring_buf_push_pop_test_fifo_order
                0x0000000000000000      0x7d4 app/libapp.a(test_ring_buf.c.obj)

.text._ring_buf_push_pop_test_push_full_returns_enospc_wrapper
                0x0000000000000000       0x45
 .text._ring_buf_push_pop_test_push_full_returns_enospc_wrapper
                0x0000000000000000       0x45 app/libapp.a(test_ring_buf.c.obj)

.text.ring_buf_push_pop_test_push_full_returns_enospc
                0x0000000000000000      0x5df
 .text.ring_buf_push_pop_test_push_full_returns_enospc
                0x0000000000000000      0x5df app/libapp.a(test_ring_buf.c.obj)

.text._ring_buf_boundaries_test_peek_does_not_consume_wrapper
                0x0000000000000000       0x45
 .text._ring_buf_boundaries_test_peek_does_not_consume_wrapper
                0x0000000000000000       0x45 app/libapp.a(test_ring_buf.c.obj)

.text.ring_buf_boundaries_test_peek_does_not_consume
                0x0000000000000000      0x4f4
 .text.ring_buf_boundaries_test_peek_does_not_consume
                0x0000000000000000      0x4f4 app/libapp.a(test_ring_buf.c.obj)

.text._ring_buf_boundaries_test_pop_null_returns_einval_wrapper
                0x0000000000000000       0x45
 .text._ring_buf_boundaries_test_pop_null_returns_einval_wrapper
                0x0000000000000000       0x45 app/libapp.a(test_ring_buf.c.obj)

.text.ring_buf_boundaries_test_pop_null_returns_einval
                0x0000000000000000      0x101
 .text.ring_buf_boundaries_test_pop_null_returns_einval
                0x0000000000000000      0x101 app/libapp.a(test_ring_buf.c.obj)

.text._ring_buf_boundaries_test_is_full_after_fill_wrapper
                0x0000000000000000       0x45
 .text._ring_buf_boundaries_test_is_full_after_fill_wrapper
                0x0000000000000000       0x45 app/libapp.a(test_ring_buf.c.obj)

.text.ring_buf_boundaries_test_is_full_after_fill
                0x0000000000000000      0x518
 .text.ring_buf_boundaries_test_is_full_after_fill
                0x0000000000000000      0x518 app/libapp.a(test_ring_buf.c.obj)

.text.z_log_msg_runtime_create
                0x0000000000000000      0x3f0
 .text.z_log_msg_runtime_create
                0x0000000000000000       0xa8 app/libapp.a(ring_buf.c.obj)
 .text.z_log_msg_runtime_create
                0x00000000000000a8       0xa8 zephyr/libzephyr.a(cbprintf_packaged.c.obj)
 .text.z_log_msg_runtime_create
                0x0000000000000150       0xa8 zephyr/libzephyr.a(log_msg.c.obj)
 .text.z_log_msg_runtime_create
                0x00000000000001f8       0xa8 zephyr/kernel/libkernel.a(fatal.c.obj)
 .text.z_log_msg_runtime_create
                0x00000000000002a0       0xa8 zephyr/kernel/libkernel.a(thread.c.obj)
 .text.z_log_msg_runtime_create
                0x0000000000000348       0xa8 zephyr/kernel/libkernel.a(sched.c.obj)

.text.rb_init   0x0000000000000000      0x13a
 .text.rb_init  0x0000000000000000      0x13a app/libapp.a(ring_buf.c.obj)
                0x0000000000000000                rb_init

.text.rb_push   0x0000000000000000      0x133
 .text.rb_push  0x0000000000000000      0x133 app/libapp.a(ring_buf.c.obj)
                0x0000000000000000                rb_push

.text.rb_pop    0x0000000000000000      0x1f2
 .text.rb_pop   0x0000000000000000      0x1f2 app/libapp.a(ring_buf.c.obj)
                0x0000000000000000                rb_pop

.text.rb_peek   0x0000000000000000      0x1c9
 .text.rb_peek  0x0000000000000000      0x1c9 app/libapp.a(ring_buf.c.obj)
                0x0000000000000000                rb_peek

.text.rb_is_full
                0x0000000000000000       0x31
 .text.rb_is_full
                0x0000000000000000       0x31 app/libapp.a(ring_buf.c.obj)
                0x0000000000000000                rb_is_full

.text.rb_is_empty
                0x0000000000000000       0x2b
 .text.rb_is_empty
                0x0000000000000000       0x2b app/libapp.a(ring_buf.c.obj)
                0x0000000000000000                rb_is_empty

.text.rb_count  0x0000000000000000       0x26
 .text.rb_count
                0x0000000000000000       0x26 app/libapp.a(ring_buf.c.obj)
                0x0000000000000000                rb_count

.text.linker_is_in_rodata
                0x0000000000000000       0x26
 .text.linker_is_in_rodata
                0x0000000000000000       0x26 zephyr/libzephyr.a(cbprintf_packaged.c.obj)

.text.ptr_in_rodata
                0x0000000000000000       0x4f
 .text.ptr_in_rodata
                0x0000000000000000       0x4f zephyr/libzephyr.a(cbprintf_packaged.c.obj)

.text.cbprintf_via_va_list
                0x0000000000000000       0x5f
 .text.cbprintf_via_va_list
                0x0000000000000000       0x5f zephyr/libzephyr.a(cbprintf_packaged.c.obj)

.text.get_package_len
                0x0000000000000000      0x17d
 .text.get_package_len
                0x0000000000000000      0x17d zephyr/libzephyr.a(cbprintf_packaged.c.obj)

.text.append_string
                0x0000000000000000       0xd6
 .text.append_string
                0x0000000000000000       0xd6 zephyr/libzephyr.a(cbprintf_packaged.c.obj)

.text.cbvprintf_package
                0x0000000000000000     0x11e8
 .text.cbvprintf_package
                0x0000000000000000     0x11e8 zephyr/libzephyr.a(cbprintf_packaged.c.obj)
                0x0000000000000000                cbvprintf_package

.text.cbpprintf_external
                0x0000000000000000      0x15a
 .text.cbpprintf_external
                0x0000000000000000      0x15a zephyr/libzephyr.a(cbprintf_packaged.c.obj)
                0x0000000000000000                cbpprintf_external

.text.is_fmt_spec
                0x0000000000000000       0x7d
 .text.is_fmt_spec
                0x0000000000000000       0x7d zephyr/libzephyr.a(cbprintf_packaged.c.obj)

.text.is_ptr    0x0000000000000000      0x1d0
 .text.is_ptr   0x0000000000000000      0x1d0 zephyr/libzephyr.a(cbprintf_packaged.c.obj)
                0x0000000000000000                is_ptr

.text.cbprintf_package_convert
                0x0000000000000000     0x132a
 .text.cbprintf_package_convert
                0x0000000000000000     0x132a zephyr/libzephyr.a(cbprintf_packaged.c.obj)
                0x0000000000000000                cbprintf_package_convert

.text.arch_irq_lock
                0x0000000000000000      0x248
 .text.arch_irq_lock
                0x0000000000000000       0x49 zephyr/libzephyr.a(clock.c.obj)
 .text.arch_irq_lock
                0x0000000000000049       0x49 zephyr/arch/arch/posix/core/libarch__posix__core.a(thread.c.obj)
 .text.arch_irq_lock
                0x0000000000000092       0x49 zephyr/subsys/random/libsubsys__random.a(random_timer.c.obj)
 .text.arch_irq_lock
                0x00000000000000db       0x49 zephyr/kernel/libkernel.a(fatal.c.obj)
 .text.arch_irq_lock
                0x0000000000000124       0x49 zephyr/kernel/libkernel.a(idle.c.obj)
 .text.arch_irq_lock
                0x000000000000016d       0x49 zephyr/kernel/libkernel.a(sched.c.obj)
 .text.arch_irq_lock
                0x00000000000001b6       0x49 zephyr/kernel/libkernel.a(timeslicing.c.obj)
 .text.arch_irq_lock
                0x00000000000001ff       0x49 zephyr/kernel/libkernel.a(timeout.c.obj)

.text.arch_irq_unlock
                0x0000000000000000      0x229
 .text.arch_irq_unlock
                0x0000000000000000       0x4f zephyr/libzephyr.a(clock.c.obj)
 .text.arch_irq_unlock
                0x000000000000004f       0x4f zephyr/arch/arch/posix/core/libarch__posix__core.a(swap.c.obj)
 .text.arch_irq_unlock
                0x000000000000009e       0x4f zephyr/subsys/random/libsubsys__random.a(random_timer.c.obj)
 .text.arch_irq_unlock
                0x00000000000000ed       0x4f zephyr/kernel/libkernel.a(fatal.c.obj)
 .text.arch_irq_unlock
                0x000000000000013c       0x4f zephyr/kernel/libkernel.a(sched.c.obj)
 .text.arch_irq_unlock
                0x000000000000018b       0x4f zephyr/kernel/libkernel.a(timeslicing.c.obj)
 .text.arch_irq_unlock
                0x00000000000001da       0x4f zephyr/kernel/libkernel.a(timeout.c.obj)

.text.z_spinlock_validate_pre
                0x0000000000000000      0x668
 .text.z_spinlock_validate_pre
                0x0000000000000000      0x148 zephyr/libzephyr.a(clock.c.obj)
 .text.z_spinlock_validate_pre
                0x0000000000000148      0x148 zephyr/subsys/random/libsubsys__random.a(random_timer.c.obj)
 .text.z_spinlock_validate_pre
                0x0000000000000290      0x148 zephyr/kernel/libkernel.a(sched.c.obj)
 .text.z_spinlock_validate_pre
                0x00000000000003d8      0x148 zephyr/kernel/libkernel.a(timeslicing.c.obj)
 .text.z_spinlock_validate_pre
                0x0000000000000520      0x148 zephyr/kernel/libkernel.a(timeout.c.obj)

.text.z_spinlock_validate_post
                0x0000000000000000      0x18b
 .text.z_spinlock_validate_post
                0x0000000000000000       0x4f zephyr/libzephyr.a(clock.c.obj)
 .text.z_spinlock_validate_post
                0x000000000000004f       0x4f zephyr/subsys/random/libsubsys__random.a(random_timer.c.obj)
 .text.z_spinlock_validate_post
                0x000000000000009e       0x4f zephyr/kernel/libkernel.a(sched.c.obj)
 .text.z_spinlock_validate_post
                0x00000000000000ed       0x4f zephyr/kernel/libkernel.a(timeslicing.c.obj)
 .text.z_spinlock_validate_post
                0x000000000000013c       0x4f zephyr/kernel/libkernel.a(timeout.c.obj)

.text.k_spin_lock
                0x0000000000000000      0x361
 .text.k_spin_lock
                0x0000000000000000       0xad zephyr/libzephyr.a(clock.c.obj)
 .text.k_spin_lock
                0x00000000000000ad       0xad zephyr/subsys/random/libsubsys__random.a(random_timer.c.obj)
 .text.k_spin_lock
                0x000000000000015a       0xad zephyr/kernel/libkernel.a(sched.c.obj)
 .text.k_spin_lock
                0x0000000000000207       0xad zephyr/kernel/libkernel.a(timeslicing.c.obj)
 .text.k_spin_lock
                0x00000000000002b4       0xad zephyr/kernel/libkernel.a(timeout.c.obj)

.text.k_spin_unlock
                0x0000000000000000      0x73f
 .text.k_spin_unlock
                0x0000000000000000      0x173 zephyr/libzephyr.a(clock.c.obj)
 .text.k_spin_unlock
                0x0000000000000173      0x173 zephyr/subsys/random/libsubsys__random.a(random_timer.c.obj)
 .text.k_spin_unlock
                0x00000000000002e6      0x173 zephyr/kernel/libkernel.a(sched.c.obj)
 .text.k_spin_unlock
                0x0000000000000459      0x173 zephyr/kernel/libkernel.a(timeslicing.c.obj)
 .text.k_spin_unlock
                0x00000000000005cc      0x173 zephyr/kernel/libkernel.a(timeout.c.obj)

.text.z_spin_onexit
                0x0000000000000000      0x34b
 .text.z_spin_onexit
                0x0000000000000000      0x119 zephyr/libzephyr.a(clock.c.obj)
 .text.z_spin_onexit
                0x0000000000000119      0x119 zephyr/kernel/libkernel.a(sched.c.obj)
 .text.z_spin_onexit
                0x0000000000000232      0x119 zephyr/kernel/libkernel.a(timeout.c.obj)

.text.reset_clock_offset
                0x0000000000000000      0x112
 .text.reset_clock_offset
                0x0000000000000000      0x112 zephyr/libzephyr.a(clock.c.obj)

.text.clock_offset_reset_rule_after
                0x0000000000000000       0x46
 .text.clock_offset_reset_rule_after
                0x0000000000000000       0x46 zephyr/libzephyr.a(clock.c.obj)

.text.arch_printk_char_out
                0x0000000000000000       0x26
 .text.arch_printk_char_out
                0x0000000000000000       0x26 zephyr/libzephyr.a(printk.c.obj)
                0x0000000000000000                arch_printk_char_out

.text.__printk_hook_install
                0x0000000000000000       0x2a
 .text.__printk_hook_install
                0x0000000000000000       0x2a zephyr/libzephyr.a(printk.c.obj)
                0x0000000000000000                __printk_hook_install

.text.vprintk   0x0000000000000000       0x7a
 .text.vprintk  0x0000000000000000       0x7a zephyr/libzephyr.a(printk.c.obj)
                0x0000000000000000                vprintk

.text.printk    0x0000000000000000       0x7b
 .text.printk   0x0000000000000000       0x7b zephyr/libzephyr.a(printk.c.obj)
                0x0000000000000000                printk

.text.k_is_user_context
                0x0000000000000000       0x72
 .text.k_is_user_context
                0x0000000000000000       0x26 zephyr/libzephyr.a(thread_entry.c.obj)
 .text.k_is_user_context
                0x0000000000000026       0x26 zephyr/libzephyr.a(log_msg.c.obj)
 .text.k_is_user_context
                0x000000000000004c       0x26 zephyr/subsys/testsuite/ztest/libsubsys__testsuite__ztest.a(ztest.c.obj)

.text.k_is_pre_kernel
                0x0000000000000000      0x146
 .text.k_is_pre_kernel
                0x0000000000000000       0xa3 zephyr/libzephyr.a(thread_entry.c.obj)
 .text.k_is_pre_kernel
                0x00000000000000a3       0xa3 zephyr/subsys/testsuite/ztest/libsubsys__testsuite__ztest.a(ztest.c.obj)

.text.k_current_get
                0x0000000000000000      0x27e
 .text.k_current_get
                0x0000000000000000      0x13f zephyr/libzephyr.a(thread_entry.c.obj)
 .text.k_current_get
                0x000000000000013f      0x13f zephyr/subsys/testsuite/ztest/libsubsys__testsuite__ztest.a(ztest.c.obj)

.text.k_sched_current_thread_query
                0x0000000000000000       0xca
 .text.k_sched_current_thread_query
                0x0000000000000000       0x65 zephyr/libzephyr.a(thread_entry.c.obj)
 .text.k_sched_current_thread_query
                0x0000000000000065       0x65 zephyr/subsys/testsuite/ztest/libsubsys__testsuite__ztest.a(ztest.c.obj)

.text.k_thread_abort
                0x0000000000000000      0x141
 .text.k_thread_abort
                0x0000000000000000       0x6b zephyr/libzephyr.a(thread_entry.c.obj)
 .text.k_thread_abort
                0x000000000000006b       0x6b zephyr/subsys/testsuite/ztest/libsubsys__testsuite__ztest.a(ztest.c.obj)
 .text.k_thread_abort
                0x00000000000000d6       0x6b zephyr/kernel/libkernel.a(fatal.c.obj)

.text.z_thread_entry
                0x0000000000000000       0xb2
 .text.z_thread_entry
                0x0000000000000000       0xb2 zephyr/libzephyr.a(thread_entry.c.obj)
                0x0000000000000000                z_thread_entry

.text.extract_decimal
                0x0000000000000000       0xa4
 .text.extract_decimal
                0x0000000000000000       0xa4 zephyr/libzephyr.a(cbprintf_complete.c.obj)

.text.extract_flags
                0x0000000000000000      0x1ca
 .text.extract_flags
                0x0000000000000000      0x1ca zephyr/libzephyr.a(cbprintf_complete.c.obj)

.text.extract_width
                0x0000000000000000      0x16d
 .text.extract_width
                0x0000000000000000      0x16d zephyr/libzephyr.a(cbprintf_complete.c.obj)

.text.extract_prec
                0x0000000000000000      0x183
 .text.extract_prec
                0x0000000000000000      0x183 zephyr/libzephyr.a(cbprintf_complete.c.obj)

.text.extract_length
                0x0000000000000000      0x20e
 .text.extract_length
                0x0000000000000000      0x20e zephyr/libzephyr.a(cbprintf_complete.c.obj)

.text.extract_specifier
                0x0000000000000000      0x2c3
 .text.extract_specifier
                0x0000000000000000      0x2c3 zephyr/libzephyr.a(cbprintf_complete.c.obj)

.text.extract_conversion
                0x0000000000000000      0x171
 .text.extract_conversion
                0x0000000000000000      0x171 zephyr/libzephyr.a(cbprintf_complete.c.obj)

.text.conversion_radix
                0x0000000000000000       0x97
 .text.conversion_radix
                0x0000000000000000       0x97 zephyr/libzephyr.a(cbprintf_complete.c.obj)

.text.encode_uint
                0x0000000000000000      0x21c
 .text.encode_uint
                0x0000000000000000      0x21c zephyr/libzephyr.a(cbprintf_complete.c.obj)

.text.store_count
                0x0000000000000000      0x18e
 .text.store_count
                0x0000000000000000      0x18e zephyr/libzephyr.a(cbprintf_complete.c.obj)

.text.outs      0x0000000000000000      0x10e
 .text.outs     0x0000000000000000      0x10e zephyr/libzephyr.a(cbprintf_complete.c.obj)

.text.z_cbvprintf_impl
                0x0000000000000000     0x1736
 .text.z_cbvprintf_impl
                0x0000000000000000     0x1736 zephyr/libzephyr.a(cbprintf_complete.c.obj)
                0x0000000000000000                z_cbvprintf_impl

.text.assert_post_action
                0x0000000000000000       0x83
 .text.assert_post_action
                0x0000000000000000       0x83 zephyr/libzephyr.a(assert.c.obj)
                0x0000000000000000                assert_post_action

.text.assert_print
                0x0000000000000000       0x7b
 .text.assert_print
                0x0000000000000000       0x7b zephyr/libzephyr.a(assert.c.obj)
                0x0000000000000000                assert_print

.text._ConfigAbsSyms
                0x0000000000000000     0x22b2
 .text._ConfigAbsSyms
                0x0000000000000000     0x22b2 zephyr/libzephyr.a(configs.c.obj)
                0x0000000000000000                _ConfigAbsSyms

.text.atomic_add
                0x0000000000000000       0x2d
 .text.atomic_add
                0x0000000000000000       0x2d zephyr/libzephyr.a(log_core.c.obj)

.text.atomic_sub
                0x0000000000000000       0x2f
 .text.atomic_sub
                0x0000000000000000       0x2f zephyr/libzephyr.a(log_core.c.obj)

.text.atomic_inc
                0x0000000000000000       0x4e
 .text.atomic_inc
                0x0000000000000000       0x4e zephyr/libzephyr.a(log_core.c.obj)

.text.atomic_dec
                0x0000000000000000       0x4e
 .text.atomic_dec
                0x0000000000000000       0x4e zephyr/libzephyr.a(log_core.c.obj)

.text.arch_k_cycle_get_32
                0x0000000000000000       0xdb
 .text.arch_k_cycle_get_32
                0x0000000000000000       0x49 zephyr/libzephyr.a(log_core.c.obj)
 .text.arch_k_cycle_get_32
                0x0000000000000049       0x49 zephyr/subsys/random/libsubsys__random.a(random_timer.c.obj)
 .text.arch_k_cycle_get_32
                0x0000000000000092       0x49 zephyr/subsys/testsuite/ztest/libsubsys__testsuite__ztest.a(ztest.c.obj)

.text.z_log_item_is_msg
                0x0000000000000000       0x2f
 .text.z_log_item_is_msg
                0x0000000000000000       0x2f zephyr/libzephyr.a(log_core.c.obj)

.text.k_msleep  0x0000000000000000       0x73
 .text.k_msleep
                0x0000000000000000       0x73 zephyr/libzephyr.a(log_core.c.obj)

.text.k_cycle_get_32
                0x0000000000000000       0xdb
 .text.k_cycle_get_32
                0x0000000000000000       0x49 zephyr/libzephyr.a(log_core.c.obj)
 .text.k_cycle_get_32
                0x0000000000000049       0x49 zephyr/subsys/random/libsubsys__random.a(random_timer.c.obj)
 .text.k_cycle_get_32
                0x0000000000000092       0x49 zephyr/subsys/testsuite/ztest/libsubsys__testsuite__ztest.a(ztest.c.obj)

.text.k_sleep   0x0000000000000000       0x71
 .text.k_sleep  0x0000000000000000       0x71 zephyr/libzephyr.a(log_core.c.obj)

.text.log_backend_init
                0x0000000000000000      0x14b
 .text.log_backend_init
                0x0000000000000000      0x14b zephyr/libzephyr.a(log_core.c.obj)

.text.log_backend_is_ready
                0x0000000000000000      0x14b
 .text.log_backend_is_ready
                0x0000000000000000      0x14b zephyr/libzephyr.a(log_core.c.obj)

.text.log_backend_msg_process
                0x0000000000000000      0x1e0
 .text.log_backend_msg_process
                0x0000000000000000      0x1e0 zephyr/libzephyr.a(log_core.c.obj)

.text.log_backend_panic
                0x0000000000000000      0x119
 .text.log_backend_panic
                0x0000000000000000      0x119 zephyr/libzephyr.a(log_core.c.obj)

.text.log_backend_id_set
                0x0000000000000000       0xfd
 .text.log_backend_id_set
                0x0000000000000000       0xfd zephyr/libzephyr.a(log_core.c.obj)

.text.log_backend_get
                0x0000000000000000       0x51
 .text.log_backend_get
                0x0000000000000000       0x51 zephyr/libzephyr.a(log_core.c.obj)

.text.log_backend_count_get
                0x0000000000000000       0x55
 .text.log_backend_count_get
                0x0000000000000000       0x55 zephyr/libzephyr.a(log_core.c.obj)

.text.log_backend_is_active
                0x0000000000000000       0xf3
 .text.log_backend_is_active
                0x0000000000000000       0xf3 zephyr/libzephyr.a(log_core.c.obj)

.text.log_format_func_t_get
                0x0000000000000000       0x2b
 .text.log_format_func_t_get
                0x0000000000000000       0x2b zephyr/libzephyr.a(log_core.c.obj)
                0x0000000000000000                log_format_func_t_get

.text.dummy_timestamp
                0x0000000000000000       0x26
 .text.dummy_timestamp
                0x0000000000000000       0x26 zephyr/libzephyr.a(log_core.c.obj)

.text.z_log_vprintk
                0x0000000000000000       0x5a
 .text.z_log_vprintk
                0x0000000000000000       0x5a zephyr/libzephyr.a(log_core.c.obj)
                0x0000000000000000                z_log_vprintk

.text.default_get_timestamp
                0x0000000000000000       0x4a
 .text.default_get_timestamp
                0x0000000000000000       0x4a zephyr/libzephyr.a(log_core.c.obj)

.text.log_core_init
                0x0000000000000000      0x215
 .text.log_core_init
                0x0000000000000000      0x215 zephyr/libzephyr.a(log_core.c.obj)
                0x0000000000000000                log_core_init

.text.activate_foreach_backend
                0x0000000000000000      0x169
 .text.activate_foreach_backend
                0x0000000000000000      0x169 zephyr/libzephyr.a(log_core.c.obj)

.text.z_log_init
                0x0000000000000000      0x46e
 .text.z_log_init
                0x0000000000000000      0x46e zephyr/libzephyr.a(log_core.c.obj)

.text.log_set_timestamp_func
                0x0000000000000000       0x8c
 .text.log_set_timestamp_func
                0x0000000000000000       0x8c zephyr/libzephyr.a(log_core.c.obj)
                0x0000000000000000                log_set_timestamp_func

.text.z_impl_log_panic
                0x0000000000000000      0x22e
 .text.z_impl_log_panic
                0x0000000000000000      0x22e zephyr/libzephyr.a(log_core.c.obj)
                0x0000000000000000                z_impl_log_panic

.text.msg_filter_check
                0x0000000000000000       0x80
 .text.msg_filter_check
                0x0000000000000000       0x80 zephyr/libzephyr.a(log_core.c.obj)

.text.msg_process
                0x0000000000000000      0x223
 .text.msg_process
                0x0000000000000000      0x223 zephyr/libzephyr.a(log_core.c.obj)

.text.z_log_notify_backend_enabled
                0x0000000000000000       0x29
 .text.z_log_notify_backend_enabled
                0x0000000000000000       0x29 zephyr/libzephyr.a(log_core.c.obj)
                0x0000000000000000                z_log_notify_backend_enabled

.text.z_log_dropped
                0x0000000000000000       0xa5
 .text.z_log_dropped
                0x0000000000000000       0xa5 zephyr/libzephyr.a(log_core.c.obj)
                0x0000000000000000                z_log_dropped

.text.msg_alloc
                0x0000000000000000       0x2a
 .text.msg_alloc
                0x0000000000000000       0x2a zephyr/libzephyr.a(log_core.c.obj)

.text.z_log_msg_alloc
                0x0000000000000000       0x51
 .text.z_log_msg_alloc
                0x0000000000000000       0x51 zephyr/libzephyr.a(log_core.c.obj)
                0x0000000000000000                z_log_msg_alloc

.text.msg_commit
                0x0000000000000000       0x7c
 .text.msg_commit
                0x0000000000000000       0x7c zephyr/libzephyr.a(log_core.c.obj)

.text.z_log_msg_commit
                0x0000000000000000       0x7f
 .text.z_log_msg_commit
                0x0000000000000000       0x7f zephyr/libzephyr.a(log_core.c.obj)
                0x0000000000000000                z_log_msg_commit

.text.z_log_get_tag
                0x0000000000000000       0x26
 .text.z_log_get_tag
                0x0000000000000000       0x26 zephyr/libzephyr.a(log_core.c.obj)
                0x0000000000000000                z_log_get_tag

.text.enable_logger
                0x0000000000000000       0x54
 .text.enable_logger
                0x0000000000000000       0x54 zephyr/libzephyr.a(log_core.c.obj)

.text.log_const_source_id
                0x0000000000000000       0x58
 .text.log_const_source_id
                0x0000000000000000       0x2c zephyr/libzephyr.a(log_mgmt.c.obj)
 .text.log_const_source_id
                0x000000000000002c       0x2c zephyr/libzephyr.a(log_msg.c.obj)

.text.z_log_sources_count
                0x0000000000000000       0x51
 .text.z_log_sources_count
                0x0000000000000000       0x51 zephyr/libzephyr.a(log_mgmt.c.obj)

.text.z_log_is_local_domain
                0x0000000000000000       0x5e
 .text.z_log_is_local_domain
                0x0000000000000000       0x2f zephyr/libzephyr.a(log_mgmt.c.obj)
 .text.z_log_is_local_domain
                0x000000000000002f       0x2f zephyr/libzephyr.a(log_msg.c.obj)

.text.log_backend_activate
                0x0000000000000000       0xff
 .text.log_backend_activate
                0x0000000000000000       0xff zephyr/libzephyr.a(log_mgmt.c.obj)

.text.log_link_sources_count
                0x0000000000000000       0xf7
 .text.log_link_sources_count
                0x0000000000000000       0xf7 zephyr/libzephyr.a(log_mgmt.c.obj)

.text.log_link_get_source_name
                0x0000000000000000      0x1f6
 .text.log_link_get_source_name
                0x0000000000000000      0x1f6 zephyr/libzephyr.a(log_mgmt.c.obj)

.text.get_link_domain
                0x0000000000000000      0x1bb
 .text.get_link_domain
                0x0000000000000000      0x1bb zephyr/libzephyr.a(log_mgmt.c.obj)

.text.link_source_count
                0x0000000000000000      0x174
 .text.link_source_count
                0x0000000000000000      0x174 zephyr/libzephyr.a(log_mgmt.c.obj)

.text.log_src_cnt_get
                0x0000000000000000       0xce
 .text.log_src_cnt_get
                0x0000000000000000       0xce zephyr/libzephyr.a(log_mgmt.c.obj)
                0x0000000000000000                log_src_cnt_get

.text.link_source_name_get
                0x0000000000000000      0x259
 .text.link_source_name_get
                0x0000000000000000      0x259 zephyr/libzephyr.a(log_mgmt.c.obj)

.text.log_source_name_get
                0x0000000000000000      0x109
 .text.log_source_name_get
                0x0000000000000000      0x109 zephyr/libzephyr.a(log_mgmt.c.obj)
                0x0000000000000000                log_source_name_get

.text.backend_filter_set
                0x0000000000000000       0x22
 .text.backend_filter_set
                0x0000000000000000       0x22 zephyr/libzephyr.a(log_mgmt.c.obj)

.text.log_backend_enable
                0x0000000000000000       0xa9
 .text.log_backend_enable
                0x0000000000000000       0xa9 zephyr/libzephyr.a(log_mgmt.c.obj)
                0x0000000000000000                log_backend_enable

.text.z_snode_next_peek
                0x0000000000000000       0x26
 .text.z_snode_next_peek
                0x0000000000000000       0x26 zephyr/libzephyr.a(log_cache.c.obj)

.text.z_snode_next_set
                0x0000000000000000       0x2a
 .text.z_snode_next_set
                0x0000000000000000       0x2a zephyr/libzephyr.a(log_cache.c.obj)

.text.z_slist_head_set
                0x0000000000000000       0x2a
 .text.z_slist_head_set
                0x0000000000000000       0x2a zephyr/libzephyr.a(log_cache.c.obj)

.text.z_slist_tail_set
                0x0000000000000000       0x2b
 .text.z_slist_tail_set
                0x0000000000000000       0x2b zephyr/libzephyr.a(log_cache.c.obj)

.text.sys_slist_peek_head
                0x0000000000000000       0x26
 .text.sys_slist_peek_head
                0x0000000000000000       0x26 zephyr/libzephyr.a(log_cache.c.obj)

.text.sys_slist_peek_tail
                0x0000000000000000       0x27
 .text.sys_slist_peek_tail
                0x0000000000000000       0x27 zephyr/libzephyr.a(log_cache.c.obj)

.text.sys_slist_is_empty
                0x0000000000000000       0x52
 .text.sys_slist_is_empty
                0x0000000000000000       0x52 zephyr/libzephyr.a(log_cache.c.obj)

.text.sys_slist_peek_next_no_check
                0x0000000000000000       0x4f
 .text.sys_slist_peek_next_no_check
                0x0000000000000000       0x4f zephyr/libzephyr.a(log_cache.c.obj)

.text.sys_slist_peek_next
                0x0000000000000000       0x78
 .text.sys_slist_peek_next
                0x0000000000000000       0x78 zephyr/libzephyr.a(log_cache.c.obj)

.text.sys_slist_prepend
                0x0000000000000000      0x13f
 .text.sys_slist_prepend
                0x0000000000000000      0x13f zephyr/libzephyr.a(log_cache.c.obj)

.text.sys_slist_get_not_empty
                0x0000000000000000      0x14b
 .text.sys_slist_get_not_empty
                0x0000000000000000      0x14b zephyr/libzephyr.a(log_cache.c.obj)

.text.sys_slist_get
                0x0000000000000000       0xa2
 .text.sys_slist_get
                0x0000000000000000       0xa2 zephyr/libzephyr.a(log_cache.c.obj)

.text.sys_slist_remove
                0x0000000000000000      0x239
 .text.sys_slist_remove
                0x0000000000000000      0x239 zephyr/libzephyr.a(log_cache.c.obj)

.text.log_cache_get
                0x0000000000000000      0x39a
 .text.log_cache_get
                0x0000000000000000      0x39a zephyr/libzephyr.a(log_cache.c.obj)
                0x0000000000000000                log_cache_get

.text.log_cache_put
                0x0000000000000000       0x5a
 .text.log_cache_put
                0x0000000000000000       0x5a zephyr/libzephyr.a(log_cache.c.obj)
                0x0000000000000000                log_cache_put

.text.z_cbprintf_cpy
                0x0000000000000000       0xbe
 .text.z_cbprintf_cpy
                0x0000000000000000       0xbe zephyr/libzephyr.a(log_msg.c.obj)

.text.cbprintf_package_copy
                0x0000000000000000       0xd2
 .text.cbprintf_package_copy
                0x0000000000000000       0xd2 zephyr/libzephyr.a(log_msg.c.obj)

.text.log_msg_get_total_wlen
                0x0000000000000000       0x47
 .text.log_msg_get_total_wlen
                0x0000000000000000       0x47 zephyr/libzephyr.a(log_msg.c.obj)

.text.log_msg_get_domain
                0x0000000000000000       0x5a
 .text.log_msg_get_domain
                0x0000000000000000       0x2d zephyr/libzephyr.a(log_msg.c.obj)
 .text.log_msg_get_domain
                0x000000000000002d       0x2d zephyr/libzephyr.a(log_output.c.obj)

.text.log_msg_get_source
                0x0000000000000000       0x27
 .text.log_msg_get_source
                0x0000000000000000       0x27 zephyr/libzephyr.a(log_msg.c.obj)

.text.z_log_msg_static_create
                0x0000000000000000       0x71
 .text.z_log_msg_static_create
                0x0000000000000000       0x71 zephyr/libzephyr.a(log_msg.c.obj)

.text.log_source_id
                0x0000000000000000       0x4f
 .text.log_source_id
                0x0000000000000000       0x4f zephyr/libzephyr.a(log_msg.c.obj)

.text.z_log_msg_finalize
                0x0000000000000000      0x106
 .text.z_log_msg_finalize
                0x0000000000000000      0x106 zephyr/libzephyr.a(log_msg.c.obj)
                0x0000000000000000                z_log_msg_finalize

.text.z_impl_z_log_msg_static_create
                0x0000000000000000      0x3f1
 .text.z_impl_z_log_msg_static_create
                0x0000000000000000      0x3f1 zephyr/libzephyr.a(log_msg.c.obj)
                0x0000000000000000                z_impl_z_log_msg_static_create

.text.z_log_msg_runtime_vcreate
                0x0000000000000000      0x67a
 .text.z_log_msg_runtime_vcreate
                0x0000000000000000      0x67a zephyr/libzephyr.a(log_msg.c.obj)
                0x0000000000000000                z_log_msg_runtime_vcreate

.text.log_msg_get_source_id
                0x0000000000000000      0x157
 .text.log_msg_get_source_id
                0x0000000000000000      0x157 zephyr/libzephyr.a(log_msg.c.obj)
                0x0000000000000000                log_msg_get_source_id

.text.cbvprintf
                0x0000000000000000       0x5d
 .text.cbvprintf
                0x0000000000000000       0x5d zephyr/libzephyr.a(log_output.c.obj)

.text.cbpprintf
                0x0000000000000000       0x5a
 .text.cbpprintf
                0x0000000000000000       0x5a zephyr/libzephyr.a(log_output.c.obj)

.text.log_msg_get_level
                0x0000000000000000       0x2e
 .text.log_msg_get_level
                0x0000000000000000       0x2e zephyr/libzephyr.a(log_output.c.obj)

.text.log_msg_get_timestamp
                0x0000000000000000       0x27
 .text.log_msg_get_timestamp
                0x0000000000000000       0x27 zephyr/libzephyr.a(log_output.c.obj)

.text.log_msg_get_tid
                0x0000000000000000       0x26
 .text.log_msg_get_tid
                0x0000000000000000       0x26 zephyr/libzephyr.a(log_output.c.obj)

.text.log_msg_get_core_id
                0x0000000000000000       0x26
 .text.log_msg_get_core_id
                0x0000000000000000       0x26 zephyr/libzephyr.a(log_output.c.obj)

.text.log_msg_get_data
                0x0000000000000000       0x4b
 .text.log_msg_get_data
                0x0000000000000000       0x4b zephyr/libzephyr.a(log_output.c.obj)

.text.log_msg_get_package
                0x0000000000000000       0x3b
 .text.log_msg_get_package
                0x0000000000000000       0x3b zephyr/libzephyr.a(log_output.c.obj)

.text.log_output_write
                0x0000000000000000      0x112
 .text.log_output_write
                0x0000000000000000       0x89 zephyr/libzephyr.a(log_output.c.obj)
 .text.log_output_write
                0x0000000000000089       0x89 zephyr/libzephyr.a(log_backend_native_posix.c.obj)

.text.log_output_flush
                0x0000000000000000       0xf6
 .text.log_output_flush
                0x0000000000000000       0x7b zephyr/libzephyr.a(log_output.c.obj)
 .text.log_output_flush
                0x000000000000007b       0x7b zephyr/libzephyr.a(log_backend_native_posix.c.obj)

.text.out_func  0x0000000000000000       0x90
 .text.out_func
                0x0000000000000000       0x90 zephyr/libzephyr.a(log_output.c.obj)

.text.cr_out_func
                0x0000000000000000       0xa4
 .text.cr_out_func
                0x0000000000000000       0xa4 zephyr/libzephyr.a(log_output.c.obj)

.text.print_formatted
                0x0000000000000000       0x92
 .text.print_formatted
                0x0000000000000000       0x92 zephyr/libzephyr.a(log_output.c.obj)

.text.timestamp_print
                0x0000000000000000      0x1ec
 .text.timestamp_print
                0x0000000000000000      0x1ec zephyr/libzephyr.a(log_output.c.obj)

.text.color_print
                0x0000000000000000       0xe9
 .text.color_print
                0x0000000000000000       0xe9 zephyr/libzephyr.a(log_output.c.obj)

.text.color_prefix
                0x0000000000000000       0x5c
 .text.color_prefix
                0x0000000000000000       0x5c zephyr/libzephyr.a(log_output.c.obj)

.text.color_postfix
                0x0000000000000000       0x5c
 .text.color_postfix
                0x0000000000000000       0x5c zephyr/libzephyr.a(log_output.c.obj)

.text.ids_print
                0x0000000000000000      0x1cb
 .text.ids_print
                0x0000000000000000      0x1cb zephyr/libzephyr.a(log_output.c.obj)

.text.newline_print
                0x0000000000000000       0xd5
 .text.newline_print
                0x0000000000000000       0xd5 zephyr/libzephyr.a(log_output.c.obj)

.text.hexdump_line_print
                0x0000000000000000      0x3ab
 .text.hexdump_line_print
                0x0000000000000000      0x3ab zephyr/libzephyr.a(log_output.c.obj)

.text.log_msg_hexdump
                0x0000000000000000       0x99
 .text.log_msg_hexdump
                0x0000000000000000       0x99 zephyr/libzephyr.a(log_output.c.obj)

.text.prefix_print
                0x0000000000000000      0x320
 .text.prefix_print
                0x0000000000000000      0x320 zephyr/libzephyr.a(log_output.c.obj)

.text.postfix_print
                0x0000000000000000       0x96
 .text.postfix_print
                0x0000000000000000       0x96 zephyr/libzephyr.a(log_output.c.obj)

.text.log_output_process
                0x0000000000000000      0x2e5
 .text.log_output_process
                0x0000000000000000      0x2e5 zephyr/libzephyr.a(log_output.c.obj)
                0x0000000000000000                log_output_process

.text.log_output_msg_process
                0x0000000000000000      0x2a6
 .text.log_output_msg_process
                0x0000000000000000      0x2a6 zephyr/libzephyr.a(log_output.c.obj)
                0x0000000000000000                log_output_msg_process

.text.log_output_timestamp_freq_set
                0x0000000000000000       0x6f
 .text.log_output_timestamp_freq_set
                0x0000000000000000       0x6f zephyr/libzephyr.a(log_output.c.obj)
                0x0000000000000000                log_output_timestamp_freq_set

.text.log_backend_std_get_flags
                0x0000000000000000       0x3e
 .text.log_backend_std_get_flags
                0x0000000000000000       0x3e zephyr/libzephyr.a(log_backend_native_posix.c.obj)

.text.preprint_char
                0x0000000000000000       0xfa
 .text.preprint_char
                0x0000000000000000       0xfa zephyr/libzephyr.a(log_backend_native_posix.c.obj)

.text.char_out  0x0000000000000000       0x8e
 .text.char_out
                0x0000000000000000       0x8e zephyr/libzephyr.a(log_backend_native_posix.c.obj)

.text.panic     0x0000000000000000       0x51
 .text.panic    0x0000000000000000       0x51 zephyr/libzephyr.a(log_backend_native_posix.c.obj)

.text.process   0x0000000000000000       0xac
 .text.process  0x0000000000000000       0xac zephyr/libzephyr.a(log_backend_native_posix.c.obj)

.text.format_set
                0x0000000000000000       0x2e
 .text.format_set
                0x0000000000000000       0x2e zephyr/libzephyr.a(log_backend_native_posix.c.obj)

.text.sys_trace_isr_enter
                0x0000000000000000       0x22
 .text.sys_trace_isr_enter
                0x0000000000000000       0x22 zephyr/libzephyr.a(tracing_none.c.obj)
                0x0000000000000000                sys_trace_isr_enter

.text.sys_trace_isr_exit
                0x0000000000000000       0x22
 .text.sys_trace_isr_exit
                0x0000000000000000       0x22 zephyr/libzephyr.a(tracing_none.c.obj)
                0x0000000000000000                sys_trace_isr_exit

.text.arch_cpu_idle
                0x0000000000000000       0x67
 .text.arch_cpu_idle
                0x0000000000000000       0x67 zephyr/arch/arch/posix/core/libarch__posix__core.a(cpuhalt.c.obj)
                0x0000000000000000                arch_cpu_idle

.text.arch_system_halt
                0x0000000000000000       0x81
 .text.arch_system_halt
                0x0000000000000000       0x81 zephyr/arch/arch/posix/core/libarch__posix__core.a(fatal.c.obj)
                0x0000000000000000                arch_system_halt

.text.arch_irq_enable
                0x0000000000000000       0x4f
 .text.arch_irq_enable
                0x0000000000000000       0x4f zephyr/arch/arch/posix/core/libarch__posix__core.a(irq.c.obj)
                0x0000000000000000                arch_irq_enable

.text.arch_swap
                0x0000000000000000       0xcc
 .text.arch_swap
                0x0000000000000000       0xcc zephyr/arch/arch/posix/core/libarch__posix__core.a(swap.c.obj)
                0x0000000000000000                arch_swap

.text.arch_switch_to_main_thread
                0x0000000000000000       0x68
 .text.arch_switch_to_main_thread
                0x0000000000000000       0x68 zephyr/arch/arch/posix/core/libarch__posix__core.a(swap.c.obj)
                0x0000000000000000                arch_switch_to_main_thread

.text.arch_new_thread
                0x0000000000000000       0x96
 .text.arch_new_thread
                0x0000000000000000       0x96 zephyr/arch/arch/posix/core/libarch__posix__core.a(thread.c.obj)
                0x0000000000000000                arch_new_thread

.text.arch_thread_name_set
                0x0000000000000000      0x12a
 .text.arch_thread_name_set
                0x0000000000000000      0x12a zephyr/arch/arch/posix/core/libarch__posix__core.a(thread.c.obj)
                0x0000000000000000                arch_thread_name_set

.text.posix_arch_thread_entry
                0x0000000000000000       0x6a
 .text.posix_arch_thread_entry
                0x0000000000000000       0x6a zephyr/arch/arch/posix/core/libarch__posix__core.a(thread.c.obj)
                0x0000000000000000                posix_arch_thread_entry

.text.arch_coprocessors_disable
                0x0000000000000000       0x26
 .text.arch_coprocessors_disable
                0x0000000000000000       0x26 zephyr/arch/arch/posix/core/libarch__posix__core.a(thread.c.obj)
                0x0000000000000000                arch_coprocessors_disable

.text.z_impl_k_thread_abort
                0x0000000000000000      0x1be
 .text.z_impl_k_thread_abort
                0x0000000000000000      0x1be zephyr/arch/arch/posix/core/libarch__posix__core.a(thread.c.obj)
                0x0000000000000000                z_impl_k_thread_abort

.text.posix_arch_init
                0x0000000000000000       0x59
 .text.posix_arch_init
                0x0000000000000000       0x59 zephyr/arch/arch/posix/core/libarch__posix__core.a(posix_core_nsi.c.obj)
                0x0000000000000000                posix_arch_init

.text.posix_arch_clean_up
                0x0000000000000000       0x52
 .text.posix_arch_clean_up
                0x0000000000000000       0x52 zephyr/arch/arch/posix/core/libarch__posix__core.a(posix_core_nsi.c.obj)
                0x0000000000000000                posix_arch_clean_up

.text.posix_swap
                0x0000000000000000       0x55
 .text.posix_swap
                0x0000000000000000       0x55 zephyr/arch/arch/posix/core/libarch__posix__core.a(posix_core_nsi.c.obj)
                0x0000000000000000                posix_swap

.text.posix_main_thread_start
                0x0000000000000000       0x55
 .text.posix_main_thread_start
                0x0000000000000000       0x55 zephyr/arch/arch/posix/core/libarch__posix__core.a(posix_core_nsi.c.obj)
                0x0000000000000000                posix_main_thread_start

.text.posix_new_thread
                0x0000000000000000       0x58
 .text.posix_new_thread
                0x0000000000000000       0x58 zephyr/arch/arch/posix/core/libarch__posix__core.a(posix_core_nsi.c.obj)
                0x0000000000000000                posix_new_thread

.text.posix_abort_thread
                0x0000000000000000       0x55
 .text.posix_abort_thread
                0x0000000000000000       0x55 zephyr/arch/arch/posix/core/libarch__posix__core.a(posix_core_nsi.c.obj)
                0x0000000000000000                posix_abort_thread

.text.posix_arch_thread_name_set
                0x0000000000000000       0x5b
 .text.posix_arch_thread_name_set
                0x0000000000000000       0x5b zephyr/arch/arch/posix/core/libarch__posix__core.a(posix_core_nsi.c.obj)
                0x0000000000000000                posix_arch_thread_name_set

.text.posix_is_cpu_running
                0x0000000000000000       0x55
 .text.posix_is_cpu_running
                0x0000000000000000       0x55 zephyr/soc/soc/native/libsoc__native__inf_clock.a(soc.c.obj)
                0x0000000000000000                posix_is_cpu_running

.text.posix_interrupt_raised
                0x0000000000000000       0x52
 .text.posix_interrupt_raised
                0x0000000000000000       0x52 zephyr/soc/soc/native/libsoc__native__inf_clock.a(soc.c.obj)
                0x0000000000000000                posix_interrupt_raised

.text.posix_halt_cpu
                0x0000000000000000       0x73
 .text.posix_halt_cpu
                0x0000000000000000       0x73 zephyr/soc/soc/native/libsoc__native__inf_clock.a(soc.c.obj)
                0x0000000000000000                posix_halt_cpu

.text.posix_boot_cpu
                0x0000000000000000       0xa1
 .text.posix_boot_cpu
                0x0000000000000000       0xa1 zephyr/soc/soc/native/libsoc__native__inf_clock.a(soc.c.obj)
                0x0000000000000000                posix_boot_cpu

.text.posix_soc_clean_up
                0x0000000000000000       0x9c
 .text.posix_soc_clean_up
                0x0000000000000000       0x9c zephyr/soc/soc/native/libsoc__native__inf_clock.a(soc.c.obj)
                0x0000000000000000                posix_soc_clean_up

.text.run_native_tasks
                0x0000000000000000       0xaf
 .text.run_native_tasks
                0x0000000000000000       0xaf zephyr/soc/soc/native/libsoc__native__inf_clock.a(native_tasks.c.obj)
                0x0000000000000000                run_native_tasks

.text.native_add_command_line_opts
                0x0000000000000000       0x4f
 .text.native_add_command_line_opts
                0x0000000000000000       0x4f zephyr/boards/native/native_sim/libboards__native__native_sim.a(cmdline.c.obj)
                0x0000000000000000                native_add_command_line_opts

.text.arch_irq_unlocked
                0x0000000000000000       0x78
 .text.arch_irq_unlocked
                0x0000000000000000       0x28 zephyr/boards/native/native_sim/libboards__native__native_sim.a(irq_handler.c.obj)
 .text.arch_irq_unlocked
                0x0000000000000028       0x28 zephyr/kernel/libkernel.a(idle.c.obj)
 .text.arch_irq_unlocked
                0x0000000000000050       0x28 zephyr/kernel/libkernel.a(sched.c.obj)

.text.z_swap_irqlock
                0x0000000000000000      0x34e
 .text.z_swap_irqlock
                0x0000000000000000      0x1a7 zephyr/boards/native/native_sim/libboards__native__native_sim.a(irq_handler.c.obj)
 .text.z_swap_irqlock
                0x00000000000001a7      0x1a7 zephyr/kernel/libkernel.a(sched.c.obj)

.text.vector_to_irq
                0x0000000000000000      0x17f
 .text.vector_to_irq
                0x0000000000000000      0x17f zephyr/boards/native/native_sim/libboards__native__native_sim.a(irq_handler.c.obj)

.text.posix_irq_handler
                0x0000000000000000      0x370
 .text.posix_irq_handler
                0x0000000000000000      0x370 zephyr/boards/native/native_sim/libboards__native__native_sim.a(irq_handler.c.obj)
                0x0000000000000000                posix_irq_handler

.text.posix_irq_lock
                0x0000000000000000       0x51
 .text.posix_irq_lock
                0x0000000000000000       0x51 zephyr/boards/native/native_sim/libboards__native__native_sim.a(irq_handler.c.obj)
                0x0000000000000000                posix_irq_lock

.text.posix_irq_unlock
                0x0000000000000000       0x4f
 .text.posix_irq_unlock
                0x0000000000000000       0x4f zephyr/boards/native/native_sim/libboards__native__native_sim.a(irq_handler.c.obj)
                0x0000000000000000                posix_irq_unlock

.text.posix_irq_full_unlock
                0x0000000000000000       0x4e
 .text.posix_irq_full_unlock
                0x0000000000000000       0x4e zephyr/boards/native/native_sim/libboards__native__native_sim.a(irq_handler.c.obj)
                0x0000000000000000                posix_irq_full_unlock

.text.posix_irq_enable
                0x0000000000000000       0x4f
 .text.posix_irq_enable
                0x0000000000000000       0x4f zephyr/boards/native/native_sim/libboards__native__native_sim.a(irq_handler.c.obj)
                0x0000000000000000                posix_irq_enable

.text.posix_isr_declare
                0x0000000000000000       0xbb
 .text.posix_isr_declare
                0x0000000000000000       0xbb zephyr/boards/native/native_sim/libboards__native__native_sim.a(irq_handler.c.obj)
                0x0000000000000000                posix_isr_declare

.text.posix_irq_priority_set
                0x0000000000000000       0xa4
 .text.posix_irq_priority_set
                0x0000000000000000       0xa4 zephyr/boards/native/native_sim/libboards__native__native_sim.a(irq_handler.c.obj)
                0x0000000000000000                posix_irq_priority_set

.text.posix_exit
                0x0000000000000000       0x2d
 .text.posix_exit
                0x0000000000000000       0x2d zephyr/boards/native/native_sim/libboards__native__native_sim.a(posix_arch_if.c.obj)
                0x0000000000000000                posix_exit

.text.posix_print_error_and_exit
                0x0000000000000000       0x48
 .text.posix_print_error_and_exit
                0x0000000000000000       0x48 zephyr/boards/native/native_sim/libboards__native__native_sim.a(posix_arch_if.c.obj)
                0x0000000000000000                posix_print_error_and_exit

.text.posix_print_warning
                0x0000000000000000       0x7b
 .text.posix_print_warning
                0x0000000000000000       0x7b zephyr/boards/native/native_sim/libboards__native__native_sim.a(posix_arch_if.c.obj)
                0x0000000000000000                posix_print_warning

.text.posix_print_trace
                0x0000000000000000       0x7b
 .text.posix_print_trace
                0x0000000000000000       0x7b zephyr/boards/native/native_sim/libboards__native__native_sim.a(posix_arch_if.c.obj)
                0x0000000000000000                posix_print_trace

.text.rand32_get
                0x0000000000000000      0x133
 .text.rand32_get
                0x0000000000000000      0x133 zephyr/subsys/random/libsubsys__random.a(random_timer.c.obj)

.text.z_impl_sys_rand_get
                0x0000000000000000       0xc8
 .text.z_impl_sys_rand_get
                0x0000000000000000       0xc8 zephyr/subsys/random/libsubsys__random.a(random_timer.c.obj)
                0x0000000000000000                z_impl_sys_rand_get

.text.z_impl_k_object_access_grant
                0x0000000000000000       0x22
 .text.z_impl_k_object_access_grant
                0x0000000000000000       0x22 zephyr/subsys/testsuite/ztest/libsubsys__testsuite__ztest.a(ztest.c.obj)

.text.k_object_access_all_grant
                0x0000000000000000       0x22
 .text.k_object_access_all_grant
                0x0000000000000000       0x22 zephyr/subsys/testsuite/ztest/libsubsys__testsuite__ztest.a(ztest.c.obj)

.text.k_object_access_grant
                0x0000000000000000       0x68
 .text.k_object_access_grant
                0x0000000000000000       0x68 zephyr/subsys/testsuite/ztest/libsubsys__testsuite__ztest.a(ztest.c.obj)

.text.k_thread_start
                0x0000000000000000       0xed
 .text.k_thread_start
                0x0000000000000000       0x4f zephyr/subsys/testsuite/ztest/libsubsys__testsuite__ztest.a(ztest.c.obj)
 .text.k_thread_start
                0x000000000000004f       0x4f zephyr/kernel/libkernel.a(init.c.obj)
 .text.k_thread_start
                0x000000000000009e       0x4f zephyr/kernel/libkernel.a(thread.c.obj)

.text.k_thread_create
                0x0000000000000000       0x8c
 .text.k_thread_create
                0x0000000000000000       0x8c zephyr/subsys/testsuite/ztest/libsubsys__testsuite__ztest.a(ztest.c.obj)

.text.k_thread_join
                0x0000000000000000       0x74
 .text.k_thread_join
                0x0000000000000000       0x74 zephyr/subsys/testsuite/ztest/libsubsys__testsuite__ztest.a(ztest.c.obj)

.text.k_wakeup  0x0000000000000000      0x141
 .text.k_wakeup
                0x0000000000000000       0x6b zephyr/subsys/testsuite/ztest/libsubsys__testsuite__ztest.a(ztest.c.obj)
 .text.k_wakeup
                0x000000000000006b       0x6b zephyr/kernel/libkernel.a(init.c.obj)
 .text.k_wakeup
                0x00000000000000d6       0x6b zephyr/kernel/libkernel.a(thread.c.obj)

.text.k_thread_name_set
                0x0000000000000000       0x71
 .text.k_thread_name_set
                0x0000000000000000       0x71 zephyr/subsys/testsuite/ztest/libsubsys__testsuite__ztest.a(ztest.c.obj)

.text.TC_RESULT_TO_STR
                0x0000000000000000       0xe7
 .text.TC_RESULT_TO_STR
                0x0000000000000000       0xe7 zephyr/subsys/testsuite/ztest/libsubsys__testsuite__ztest.a(ztest.c.obj)

.text.get_start_time_cyc
                0x0000000000000000       0x4e
 .text.get_start_time_cyc
                0x0000000000000000       0x4e zephyr/subsys/testsuite/ztest/libsubsys__testsuite__ztest.a(ztest.c.obj)

.text.get_test_duration_ms
                0x0000000000000000       0xb9
 .text.get_test_duration_ms
                0x0000000000000000       0xb9 zephyr/subsys/testsuite/ztest/libsubsys__testsuite__ztest.a(ztest.c.obj)

.text.log_flush
                0x0000000000000000       0x22
 .text.log_flush
                0x0000000000000000       0x22 zephyr/subsys/testsuite/ztest/libsubsys__testsuite__ztest.a(ztest.c.obj)

.text.log_panic
                0x0000000000000000       0xc4
 .text.log_panic
                0x0000000000000000       0x62 zephyr/subsys/testsuite/ztest/libsubsys__testsuite__ztest.a(ztest.c.obj)
 .text.log_panic
                0x0000000000000062       0x62 zephyr/kernel/libkernel.a(fatal.c.obj)

.text.__ztest_set_test_result
                0x0000000000000000       0x6b
 .text.__ztest_set_test_result
                0x0000000000000000       0x6b zephyr/subsys/testsuite/ztest/libsubsys__testsuite__ztest.a(ztest.c.obj)

.text.__ztest_set_test_phase
                0x0000000000000000       0x6b
 .text.__ztest_set_test_phase
                0x0000000000000000       0x6b zephyr/subsys/testsuite/ztest/libsubsys__testsuite__ztest.a(ztest.c.obj)

.text.sys_rand32_get
                0x0000000000000000       0x70
 .text.sys_rand32_get
                0x0000000000000000       0x70 zephyr/subsys/testsuite/ztest/libsubsys__testsuite__ztest.a(ztest.c.obj)

.text.sys_rand_get
                0x0000000000000000       0x6e
 .text.sys_rand_get
                0x0000000000000000       0x6e zephyr/subsys/testsuite/ztest/libsubsys__testsuite__ztest.a(ztest.c.obj)

.text.end_report
                0x0000000000000000      0x1d4
 .text.end_report
                0x0000000000000000      0x1d4 zephyr/subsys/testsuite/ztest/libsubsys__testsuite__ztest.a(ztest.c.obj)

.text.cleanup_test
                0x0000000000000000      0x15f
 .text.cleanup_test
                0x0000000000000000      0x15f zephyr/subsys/testsuite/ztest/libsubsys__testsuite__ztest.a(ztest.c.obj)

.text.run_test_rules
                0x0000000000000000      0x15a
 .text.run_test_rules
                0x0000000000000000      0x15a zephyr/subsys/testsuite/ztest/libsubsys__testsuite__ztest.a(ztest.c.obj)

.text.run_test_functions
                0x0000000000000000       0x7b
 .text.run_test_functions
                0x0000000000000000       0x7b zephyr/subsys/testsuite/ztest/libsubsys__testsuite__ztest.a(ztest.c.obj)

.text.get_final_test_result
                0x0000000000000000      0x13e
 .text.get_final_test_result
                0x0000000000000000      0x13e zephyr/subsys/testsuite/ztest/libsubsys__testsuite__ztest.a(ztest.c.obj)

.text.get_friendly_phase_name
                0x0000000000000000      0x117
 .text.get_friendly_phase_name
                0x0000000000000000      0x117 zephyr/subsys/testsuite/ztest/libsubsys__testsuite__ztest.a(ztest.c.obj)

.text.test_finalize
                0x0000000000000000       0xf5
 .text.test_finalize
                0x0000000000000000       0xf5 zephyr/subsys/testsuite/ztest/libsubsys__testsuite__ztest.a(ztest.c.obj)

.text.ztest_test_fail
                0x0000000000000000      0x157
 .text.ztest_test_fail
                0x0000000000000000      0x157 zephyr/subsys/testsuite/ztest/libsubsys__testsuite__ztest.a(ztest.c.obj)
                0x0000000000000000                ztest_test_fail

.text.test_cb   0x0000000000000000      0x193
 .text.test_cb  0x0000000000000000      0x193 zephyr/subsys/testsuite/ztest/libsubsys__testsuite__ztest.a(ztest.c.obj)

.text.run_test  0x0000000000000000      0x624
 .text.run_test
                0x0000000000000000      0x624 zephyr/subsys/testsuite/ztest/libsubsys__testsuite__ztest.a(ztest.c.obj)

.text.ztest_find_test_suite
                0x0000000000000000       0x94
 .text.ztest_find_test_suite
                0x0000000000000000       0x94 zephyr/subsys/testsuite/ztest/libsubsys__testsuite__ztest.a(ztest.c.obj)

.text.z_ztest_get_next_test
                0x0000000000000000       0xbf
 .text.z_ztest_get_next_test
                0x0000000000000000       0xbf zephyr/subsys/testsuite/ztest/libsubsys__testsuite__ztest.a(ztest.c.obj)
                0x0000000000000000                z_ztest_get_next_test

.text.z_ztest_shuffle
                0x0000000000000000      0x182
 .text.z_ztest_shuffle
                0x0000000000000000      0x182 zephyr/subsys/testsuite/ztest/libsubsys__testsuite__ztest.a(ztest.c.obj)

.text.z_ztest_run_test_suite_ptr
                0x0000000000000000      0x6e2
 .text.z_ztest_run_test_suite_ptr
                0x0000000000000000      0x6e2 zephyr/subsys/testsuite/ztest/libsubsys__testsuite__ztest.a(ztest.c.obj)

.text.__ztest_show_suite_summary_oneline
                0x0000000000000000      0x311
 .text.__ztest_show_suite_summary_oneline
                0x0000000000000000      0x311 zephyr/subsys/testsuite/ztest/libsubsys__testsuite__ztest.a(ztest.c.obj)

.text.__ztest_show_suite_summary_verbose
                0x0000000000000000      0x396
 .text.__ztest_show_suite_summary_verbose
                0x0000000000000000      0x396 zephyr/subsys/testsuite/ztest/libsubsys__testsuite__ztest.a(ztest.c.obj)

.text.__ztest_show_suite_summary
                0x0000000000000000      0x165
 .text.__ztest_show_suite_summary
                0x0000000000000000      0x165 zephyr/subsys/testsuite/ztest/libsubsys__testsuite__ztest.a(ztest.c.obj)

.text.__ztest_run_test_suite
                0x0000000000000000      0x168
 .text.__ztest_run_test_suite
                0x0000000000000000      0x168 zephyr/subsys/testsuite/ztest/libsubsys__testsuite__ztest.a(ztest.c.obj)

.text.z_impl_ztest_run_test_suites
                0x0000000000000000      0x25f
 .text.z_impl_ztest_run_test_suites
                0x0000000000000000      0x25f zephyr/subsys/testsuite/ztest/libsubsys__testsuite__ztest.a(ztest.c.obj)
                0x0000000000000000                z_impl_ztest_run_test_suites

.text.z_impl___ztest_set_test_result
                0x0000000000000000       0x2a
 .text.z_impl___ztest_set_test_result
                0x0000000000000000       0x2a zephyr/subsys/testsuite/ztest/libsubsys__testsuite__ztest.a(ztest.c.obj)
                0x0000000000000000                z_impl___ztest_set_test_result

.text.z_impl___ztest_set_test_phase
                0x0000000000000000       0x2a
 .text.z_impl___ztest_set_test_phase
                0x0000000000000000       0x2a zephyr/subsys/testsuite/ztest/libsubsys__testsuite__ztest.a(ztest.c.obj)
                0x0000000000000000                z_impl___ztest_set_test_phase

.text.ztest_verify_all_test_suites_ran
                0x0000000000000000      0x27a
 .text.ztest_verify_all_test_suites_ran
                0x0000000000000000      0x27a zephyr/subsys/testsuite/ztest/libsubsys__testsuite__ztest.a(ztest.c.obj)
                0x0000000000000000                ztest_verify_all_test_suites_ran

.text.ztest_run_all
                0x0000000000000000       0x5f
 .text.ztest_run_all
                0x0000000000000000       0x5f zephyr/subsys/testsuite/ztest/libsubsys__testsuite__ztest.a(ztest.c.obj)
                0x0000000000000000                ztest_run_all

.text.test_main
                0x0000000000000000       0x72
 .text.test_main
                0x0000000000000000       0x72 zephyr/subsys/testsuite/ztest/libsubsys__testsuite__ztest.a(ztest.c.obj)
                0x0000000000000000                test_main

.text.main      0x0000000000000000       0xaf
 .text.main     0x0000000000000000       0xaf zephyr/subsys/testsuite/ztest/libsubsys__testsuite__ztest.a(ztest.c.obj)
                0x0000000000000000                main

.text.ztest_run_test_suites
                0x0000000000000000       0x7c
 .text.ztest_run_test_suites
                0x0000000000000000       0x7c zephyr/subsys/testsuite/ztest/libsubsys__testsuite__ztest.a(ztest_posix.c.obj)

.text.add_test_filter_option
                0x0000000000000000       0x51
 .text.add_test_filter_option
                0x0000000000000000       0x51 zephyr/subsys/testsuite/ztest/libsubsys__testsuite__ztest.a(ztest_posix.c.obj)

.text.ztest_relative_filename
                0x0000000000000000      0x167
 .text.ztest_relative_filename
                0x0000000000000000      0x167 zephyr/subsys/testsuite/ztest/libsubsys__testsuite__ztest.a(ztest_posix.c.obj)
                0x0000000000000000                ztest_relative_filename

.text.z_ztest_get_list_test
                0x0000000000000000       0x28
 .text.z_ztest_get_list_test
                0x0000000000000000       0x28 zephyr/subsys/testsuite/ztest/libsubsys__testsuite__ztest.a(ztest_posix.c.obj)
                0x0000000000000000                z_ztest_get_list_test

.text.z_ztest_list_tests
                0x0000000000000000      0x13b
 .text.z_ztest_list_tests
                0x0000000000000000      0x13b zephyr/subsys/testsuite/ztest/libsubsys__testsuite__ztest.a(ztest_posix.c.obj)
                0x0000000000000000                z_ztest_list_tests

.text.z_ztest_run_all
                0x0000000000000000       0xc3
 .text.z_ztest_run_all
                0x0000000000000000       0xc3 zephyr/subsys/testsuite/ztest/libsubsys__testsuite__ztest.a(ztest_posix.c.obj)
                0x0000000000000000                z_ztest_run_all

.text.z_ztest_testargs_contains
                0x0000000000000000      0x346
 .text.z_ztest_testargs_contains
                0x0000000000000000      0x346 zephyr/subsys/testsuite/ztest/libsubsys__testsuite__ztest.a(ztest_posix.c.obj)

.text.z_ztest_should_test_run
                0x0000000000000000       0xb3
 .text.z_ztest_should_test_run
                0x0000000000000000       0xb3 zephyr/subsys/testsuite/ztest/libsubsys__testsuite__ztest.a(ztest_posix.c.obj)
                0x0000000000000000                z_ztest_should_test_run

.text.z_ztest_should_suite_run
                0x0000000000000000      0x116
 .text.z_ztest_should_suite_run
                0x0000000000000000      0x116 zephyr/subsys/testsuite/ztest/libsubsys__testsuite__ztest.a(ztest_posix.c.obj)
                0x0000000000000000                z_ztest_should_suite_run

.text.print_char
                0x0000000000000000      0x102
 .text.print_char
                0x0000000000000000      0x102 zephyr/drivers/console/libdrivers__console.a(posix_arch_console.c.obj)

.text.posix_arch_console_init
                0x0000000000000000       0x55
 .text.posix_arch_console_init
                0x0000000000000000       0x55 zephyr/drivers/console/libdrivers__console.a(posix_arch_console.c.obj)

.text.nsi_hws_get_time
                0x0000000000000000       0x2c
 .text.nsi_hws_get_time
                0x0000000000000000       0x2c zephyr/drivers/timer/libdrivers__timer.a(native_sim_timer.c.obj)

.text.sys_clock_cycle_get_32
                0x0000000000000000       0x4b
 .text.sys_clock_cycle_get_32
                0x0000000000000000       0x4b zephyr/drivers/timer/libdrivers__timer.a(native_sim_timer.c.obj)
                0x0000000000000000                sys_clock_cycle_get_32

.text.np_timer_isr
                0x0000000000000000       0xee
 .text.np_timer_isr
                0x0000000000000000       0xee zephyr/drivers/timer/libdrivers__timer.a(native_sim_timer.c.obj)

.text.sys_clock_set_timeout
                0x0000000000000000       0xcb
 .text.sys_clock_set_timeout
                0x0000000000000000       0xcb zephyr/drivers/timer/libdrivers__timer.a(native_sim_timer.c.obj)
                0x0000000000000000                sys_clock_set_timeout

.text.sys_clock_elapsed
                0x0000000000000000       0x73
 .text.sys_clock_elapsed
                0x0000000000000000       0x73 zephyr/drivers/timer/libdrivers__timer.a(native_sim_timer.c.obj)
                0x0000000000000000                sys_clock_elapsed

.text.sys_clock_driver_init
                0x0000000000000000      0x12a
 .text.sys_clock_driver_init
                0x0000000000000000      0x12a zephyr/drivers/timer/libdrivers__timer.a(native_sim_timer.c.obj)

.text.coredump  0x0000000000000000       0x22
 .text.coredump
                0x0000000000000000       0x22 zephyr/kernel/libkernel.a(fatal.c.obj)

.text.k_sys_fatal_error_handler
                0x0000000000000000       0xe5
 .text.k_sys_fatal_error_handler
                0x0000000000000000       0xe5 zephyr/kernel/libkernel.a(fatal.c.obj)
                0x0000000000000000                k_sys_fatal_error_handler

.text.thread_name_get
                0x0000000000000000       0xce
 .text.thread_name_get
                0x0000000000000000       0xce zephyr/kernel/libkernel.a(fatal.c.obj)

.text.reason_to_str
                0x0000000000000000       0xf1
 .text.reason_to_str
                0x0000000000000000       0xf1 zephyr/kernel/libkernel.a(fatal.c.obj)

.text.z_fatal_error
                0x0000000000000000      0x2a5
 .text.z_fatal_error
                0x0000000000000000      0x2a5 zephyr/kernel/libkernel.a(fatal.c.obj)
                0x0000000000000000                z_fatal_error

.text.K_KERNEL_STACK_BUFFER
                0x0000000000000000       0x48
 .text.K_KERNEL_STACK_BUFFER
                0x0000000000000000       0x24 zephyr/kernel/libkernel.a(init.c.obj)
 .text.K_KERNEL_STACK_BUFFER
                0x0000000000000024       0x24 zephyr/kernel/libkernel.a(thread.c.obj)

.text.k_object_init
                0x0000000000000000       0x22
 .text.k_object_init
                0x0000000000000000       0x22 zephyr/kernel/libkernel.a(init.c.obj)

.text.arch_kernel_init
                0x0000000000000000       0x22
 .text.arch_kernel_init
                0x0000000000000000       0x22 zephyr/kernel/libkernel.a(init.c.obj)

.text.z_add_thread_timeout
                0x0000000000000000      0x120
 .text.z_add_thread_timeout
                0x0000000000000000       0x60 zephyr/kernel/libkernel.a(init.c.obj)
 .text.z_add_thread_timeout
                0x0000000000000060       0x60 zephyr/kernel/libkernel.a(thread.c.obj)
 .text.z_add_thread_timeout
                0x00000000000000c0       0x60 zephyr/kernel/libkernel.a(sched.c.obj)

.text.thread_schedule_new
                0x0000000000000000      0x1a8
 .text.thread_schedule_new
                0x0000000000000000       0xd4 zephyr/kernel/libkernel.a(init.c.obj)
 .text.thread_schedule_new
                0x00000000000000d4       0xd4 zephyr/kernel/libkernel.a(thread.c.obj)

.text.z_mark_thread_as_not_sleeping
                0x0000000000000000       0x68
 .text.z_mark_thread_as_not_sleeping
                0x0000000000000000       0x34 zephyr/kernel/libkernel.a(init.c.obj)
 .text.z_mark_thread_as_not_sleeping
                0x0000000000000034       0x34 zephyr/kernel/libkernel.a(sched.c.obj)

.text.z_thread_essential_clear
                0x0000000000000000       0x35
 .text.z_thread_essential_clear
                0x0000000000000000       0x35 zephyr/kernel/libkernel.a(init.c.obj)

.text.gcov_static_init
                0x0000000000000000       0x22
 .text.gcov_static_init
                0x0000000000000000       0x22 zephyr/kernel/libkernel.a(init.c.obj)

.text.z_init_static_threads
                0x0000000000000000      0x3d9
 .text.z_init_static_threads
                0x0000000000000000      0x3d9 zephyr/kernel/libkernel.a(init.c.obj)

.text.z_device_state_init
                0x0000000000000000      0x182
 .text.z_device_state_init
                0x0000000000000000      0x182 zephyr/kernel/libkernel.a(init.c.obj)

.text.z_sys_init_run_level
                0x0000000000000000      0x122
 .text.z_sys_init_run_level
                0x0000000000000000      0x122 zephyr/kernel/libkernel.a(init.c.obj)

.text.z_static_init_gnu
                0x0000000000000000       0xa2
 .text.z_static_init_gnu
                0x0000000000000000       0xa2 zephyr/kernel/libkernel.a(init.c.obj)

.text.bg_thread_main
                0x0000000000000000      0x12e
 .text.bg_thread_main
                0x0000000000000000      0x12e zephyr/kernel/libkernel.a(init.c.obj)

.text.init_idle_thread
                0x0000000000000000       0xcc
 .text.init_idle_thread
                0x0000000000000000       0xcc zephyr/kernel/libkernel.a(init.c.obj)

.text.z_init_cpu
                0x0000000000000000       0xd7
 .text.z_init_cpu
                0x0000000000000000       0xd7 zephyr/kernel/libkernel.a(init.c.obj)
                0x0000000000000000                z_init_cpu

.text.prepare_multithreading
                0x0000000000000000      0x122
 .text.prepare_multithreading
                0x0000000000000000      0x122 zephyr/kernel/libkernel.a(init.c.obj)

.text.switch_to_main_thread
                0x0000000000000000       0x8c
 .text.switch_to_main_thread
                0x0000000000000000       0x8c zephyr/kernel/libkernel.a(init.c.obj)

.text.z_cstart  0x0000000000000000      0x179
 .text.z_cstart
                0x0000000000000000      0x179 zephyr/kernel/libkernel.a(init.c.obj)
                0x0000000000000000                z_cstart

.text.arch_nop  0x0000000000000000       0x3f
 .text.arch_nop
                0x0000000000000000       0x3f zephyr/kernel/libkernel.a(idle.c.obj)

.text.k_cpu_idle
                0x0000000000000000       0x46
 .text.k_cpu_idle
                0x0000000000000000       0x46 zephyr/kernel/libkernel.a(idle.c.obj)

.text.idle      0x0000000000000000      0x129
 .text.idle     0x0000000000000000      0x129 zephyr/kernel/libkernel.a(idle.c.obj)
                0x0000000000000000                idle

.text.arch_spin_relax
                0x0000000000000000      0x177
 .text.arch_spin_relax
                0x0000000000000000      0x177 zephyr/kernel/libkernel.a(idle.c.obj)
                0x0000000000000000                arch_spin_relax

.text.sys_dlist_init
                0x0000000000000000       0x66
 .text.sys_dlist_init
                0x0000000000000000       0x33 zephyr/kernel/libkernel.a(thread.c.obj)
 .text.sys_dlist_init
                0x0000000000000033       0x33 zephyr/kernel/libkernel.a(sched.c.obj)

.text.sys_dnode_init
                0x0000000000000000       0x9f
 .text.sys_dnode_init
                0x0000000000000000       0x35 zephyr/kernel/libkernel.a(thread.c.obj)
 .text.sys_dnode_init
                0x0000000000000035       0x35 zephyr/kernel/libkernel.a(sched.c.obj)
 .text.sys_dnode_init
                0x000000000000006a       0x35 zephyr/kernel/libkernel.a(timeout.c.obj)

.text.arch_is_in_isr
                0x0000000000000000       0x81
 .text.arch_is_in_isr
                0x0000000000000000       0x2b zephyr/kernel/libkernel.a(thread.c.obj)
 .text.arch_is_in_isr
                0x000000000000002b       0x2b zephyr/kernel/libkernel.a(sched.c.obj)
 .text.arch_is_in_isr
                0x0000000000000056       0x2b zephyr/kernel/libkernel.a(spinlock_validate.c.obj)

.text.z_init_timeout
                0x0000000000000000       0x4d
 .text.z_init_timeout
                0x0000000000000000       0x4d zephyr/kernel/libkernel.a(thread.c.obj)

.text.z_init_thread_timeout
                0x0000000000000000       0x50
 .text.z_init_thread_timeout
                0x0000000000000000       0x50 zephyr/kernel/libkernel.a(thread.c.obj)

.text.z_is_idle_thread_entry
                0x0000000000000000       0x2b
 .text.z_is_idle_thread_entry
                0x0000000000000000       0x2b zephyr/kernel/libkernel.a(thread.c.obj)

.text.z_waitq_init
                0x0000000000000000       0x4d
 .text.z_waitq_init
                0x0000000000000000       0x4d zephyr/kernel/libkernel.a(thread.c.obj)

.text.k_is_in_isr
                0x0000000000000000       0x46
 .text.k_is_in_isr
                0x0000000000000000       0x46 zephyr/kernel/libkernel.a(thread.c.obj)
                0x0000000000000000                k_is_in_isr

.text.z_impl_k_thread_name_set
                0x0000000000000000       0x9e
 .text.z_impl_k_thread_name_set
                0x0000000000000000       0x9e zephyr/kernel/libkernel.a(thread.c.obj)
                0x0000000000000000                z_impl_k_thread_name_set

.text.k_thread_name_get
                0x0000000000000000       0x27
 .text.k_thread_name_get
                0x0000000000000000       0x27 zephyr/kernel/libkernel.a(thread.c.obj)
                0x0000000000000000                k_thread_name_get

.text.setup_thread_stack
                0x0000000000000000      0x144
 .text.setup_thread_stack
                0x0000000000000000      0x144 zephyr/kernel/libkernel.a(thread.c.obj)

.text.z_setup_new_thread
                0x0000000000000000      0x346
 .text.z_setup_new_thread
                0x0000000000000000      0x346 zephyr/kernel/libkernel.a(thread.c.obj)
                0x0000000000000000                z_setup_new_thread

.text.z_impl_k_thread_create
                0x0000000000000000      0x1fd
 .text.z_impl_k_thread_create
                0x0000000000000000      0x1fd zephyr/kernel/libkernel.a(thread.c.obj)
                0x0000000000000000                z_impl_k_thread_create

.text.z_init_thread_base
                0x0000000000000000       0x7f
 .text.z_init_thread_base
                0x0000000000000000       0x7f zephyr/kernel/libkernel.a(thread.c.obj)
                0x0000000000000000                z_init_thread_base

.text.z_dummy_thread_init
                0x0000000000000000       0x44
 .text.z_dummy_thread_init
                0x0000000000000000       0x44 zephyr/kernel/libkernel.a(thread.c.obj)
                0x0000000000000000                z_dummy_thread_init

.text.sys_dlist_is_empty
                0x0000000000000000       0x58
 .text.sys_dlist_is_empty
                0x0000000000000000       0x2c zephyr/kernel/libkernel.a(sched.c.obj)
 .text.sys_dlist_is_empty
                0x000000000000002c       0x2c zephyr/kernel/libkernel.a(timeout.c.obj)

.text.sys_dlist_peek_head
                0x0000000000000000       0xf6
 .text.sys_dlist_peek_head
                0x0000000000000000       0x7b zephyr/kernel/libkernel.a(sched.c.obj)
 .text.sys_dlist_peek_head
                0x000000000000007b       0x7b zephyr/kernel/libkernel.a(timeout.c.obj)

.text.sys_dlist_peek_next_no_check
                0x0000000000000000       0xa8
 .text.sys_dlist_peek_next_no_check
                0x0000000000000000       0x54 zephyr/kernel/libkernel.a(sched.c.obj)
 .text.sys_dlist_peek_next_no_check
                0x0000000000000054       0x54 zephyr/kernel/libkernel.a(timeout.c.obj)

.text.sys_dlist_peek_next
                0x0000000000000000       0xf0